Archive member included because of file (symbol)

/usr/local/gcc-arm-none-eabi-4_9-2015q2/bin/../lib/gcc/arm-none-eabi/4.9.3/../../../../arm-none-eabi/lib/armv6-m/libc_nano.a(lib_a-exit.o)
                              /usr/local/gcc-arm-none-eabi-4_9-2015q2/bin/../lib/gcc/arm-none-eabi/4.9.3/../../../../arm-none-eabi/lib/armv6-m/crt0.o (exit)
/usr/local/gcc-arm-none-eabi-4_9-2015q2/bin/../lib/gcc/arm-none-eabi/4.9.3/../../../../arm-none-eabi/lib/armv6-m/libc_nano.a(lib_a-impure.o)
                              /usr/local/gcc-arm-none-eabi-4_9-2015q2/bin/../lib/gcc/arm-none-eabi/4.9.3/../../../../arm-none-eabi/lib/armv6-m/libc_nano.a(lib_a-exit.o) (_global_impure_ptr)
/usr/local/gcc-arm-none-eabi-4_9-2015q2/bin/../lib/gcc/arm-none-eabi/4.9.3/../../../../arm-none-eabi/lib/armv6-m/libc_nano.a(lib_a-init.o)
                              /usr/local/gcc-arm-none-eabi-4_9-2015q2/bin/../lib/gcc/arm-none-eabi/4.9.3/../../../../arm-none-eabi/lib/armv6-m/crt0.o (__libc_init_array)
/usr/local/gcc-arm-none-eabi-4_9-2015q2/bin/../lib/gcc/arm-none-eabi/4.9.3/../../../../arm-none-eabi/lib/armv6-m/libc_nano.a(lib_a-memset.o)
                              /usr/local/gcc-arm-none-eabi-4_9-2015q2/bin/../lib/gcc/arm-none-eabi/4.9.3/../../../../arm-none-eabi/lib/armv6-m/crt0.o (memset)
/usr/local/gcc-arm-none-eabi-4_9-2015q2/bin/../lib/gcc/arm-none-eabi/4.9.3/../../../../arm-none-eabi/lib/armv6-m/libnosys.a(_exit.o)
                              /usr/local/gcc-arm-none-eabi-4_9-2015q2/bin/../lib/gcc/arm-none-eabi/4.9.3/../../../../arm-none-eabi/lib/armv6-m/libc_nano.a(lib_a-exit.o) (_exit)
/usr/local/gcc-arm-none-eabi-4_9-2015q2/bin/../lib/gcc/arm-none-eabi/4.9.3/../../../../arm-none-eabi/lib/armv6-m/libc_nano.a(lib_a-printf.o)
                              _build/main.o (printf)
/usr/local/gcc-arm-none-eabi-4_9-2015q2/bin/../lib/gcc/arm-none-eabi/4.9.3/../../../../arm-none-eabi/lib/armv6-m/libc_nano.a(lib_a-findfp.o)
                              /usr/local/gcc-arm-none-eabi-4_9-2015q2/bin/../lib/gcc/arm-none-eabi/4.9.3/../../../../arm-none-eabi/lib/armv6-m/libc_nano.a(lib_a-printf.o) (__sinit)
/usr/local/gcc-arm-none-eabi-4_9-2015q2/bin/../lib/gcc/arm-none-eabi/4.9.3/../../../../arm-none-eabi/lib/armv6-m/libc_nano.a(lib_a-fwalk.o)
                              /usr/local/gcc-arm-none-eabi-4_9-2015q2/bin/../lib/gcc/arm-none-eabi/4.9.3/../../../../arm-none-eabi/lib/armv6-m/libc_nano.a(lib_a-findfp.o) (_fwalk)
/usr/local/gcc-arm-none-eabi-4_9-2015q2/bin/../lib/gcc/arm-none-eabi/4.9.3/../../../../arm-none-eabi/lib/armv6-m/libc_nano.a(lib_a-nano-mallocr.o)
                              /usr/local/gcc-arm-none-eabi-4_9-2015q2/bin/../lib/gcc/arm-none-eabi/4.9.3/../../../../arm-none-eabi/lib/armv6-m/libc_nano.a(lib_a-findfp.o) (_malloc_r)
/usr/local/gcc-arm-none-eabi-4_9-2015q2/bin/../lib/gcc/arm-none-eabi/4.9.3/../../../../arm-none-eabi/lib/armv6-m/libc_nano.a(lib_a-nano-vfprintf.o)
                              /usr/local/gcc-arm-none-eabi-4_9-2015q2/bin/../lib/gcc/arm-none-eabi/4.9.3/../../../../arm-none-eabi/lib/armv6-m/libc_nano.a(lib_a-printf.o) (_vfprintf_r)
/usr/local/gcc-arm-none-eabi-4_9-2015q2/bin/../lib/gcc/arm-none-eabi/4.9.3/../../../../arm-none-eabi/lib/armv6-m/libc_nano.a(lib_a-nano-vfprintf_i.o)
                              /usr/local/gcc-arm-none-eabi-4_9-2015q2/bin/../lib/gcc/arm-none-eabi/4.9.3/../../../../arm-none-eabi/lib/armv6-m/libc_nano.a(lib_a-nano-vfprintf.o) (_printf_i)
/usr/local/gcc-arm-none-eabi-4_9-2015q2/bin/../lib/gcc/arm-none-eabi/4.9.3/../../../../arm-none-eabi/lib/armv6-m/libc_nano.a(lib_a-sbrkr.o)
                              /usr/local/gcc-arm-none-eabi-4_9-2015q2/bin/../lib/gcc/arm-none-eabi/4.9.3/../../../../arm-none-eabi/lib/armv6-m/libc_nano.a(lib_a-nano-mallocr.o) (_sbrk_r)
/usr/local/gcc-arm-none-eabi-4_9-2015q2/bin/../lib/gcc/arm-none-eabi/4.9.3/../../../../arm-none-eabi/lib/armv6-m/libc_nano.a(lib_a-stdio.o)
                              /usr/local/gcc-arm-none-eabi-4_9-2015q2/bin/../lib/gcc/arm-none-eabi/4.9.3/../../../../arm-none-eabi/lib/armv6-m/libc_nano.a(lib_a-findfp.o) (__sread)
/usr/local/gcc-arm-none-eabi-4_9-2015q2/bin/../lib/gcc/arm-none-eabi/4.9.3/../../../../arm-none-eabi/lib/armv6-m/libc_nano.a(lib_a-wbuf.o)
                              /usr/local/gcc-arm-none-eabi-4_9-2015q2/bin/../lib/gcc/arm-none-eabi/4.9.3/../../../../arm-none-eabi/lib/armv6-m/libc_nano.a(lib_a-nano-vfprintf.o) (__swbuf_r)
/usr/local/gcc-arm-none-eabi-4_9-2015q2/bin/../lib/gcc/arm-none-eabi/4.9.3/../../../../arm-none-eabi/lib/armv6-m/libc_nano.a(lib_a-writer.o)
                              /usr/local/gcc-arm-none-eabi-4_9-2015q2/bin/../lib/gcc/arm-none-eabi/4.9.3/../../../../arm-none-eabi/lib/armv6-m/libc_nano.a(lib_a-stdio.o) (_write_r)
/usr/local/gcc-arm-none-eabi-4_9-2015q2/bin/../lib/gcc/arm-none-eabi/4.9.3/../../../../arm-none-eabi/lib/armv6-m/libc_nano.a(lib_a-wsetup.o)
[...]
Memory Configuration

Name             Origin             Length             Attributes
FLASH            0x0000000000000000 0x0000000000040000 xr
RAM              0x0000000020000000 0x0000000000008000 xrw
*default*        0x0000000000000000 0xffffffffffffffff

Linker script and memory map

LOAD /usr/local/gcc-arm-none-eabi-4_9-2015q2/bin/../lib/gcc/arm-none-eabi/4.9.3/armv6-m/crti.o
LOAD /usr/local/gcc-arm-none-eabi-4_9-2015q2/bin/../lib/gcc/arm-none-eabi/4.9.3/armv6-m/crtbegin.o
LOAD /usr/local/gcc-arm-none-eabi-4_9-2015q2/bin/../lib/gcc/arm-none-eabi/4.9.3/../../../../arm-none-eabi/lib/armv6-m/crt0.o
LOAD /usr/local/gcc-arm-none-eabi-4_9-2015q2/bin/../lib/gcc/arm-none-eabi/4.9.3/../../../../arm-none-eabi/lib/armv6-m/libc_nano.a
LOAD /usr/local/gcc-arm-none-eabi-4_9-2015q2/bin/../lib/gcc/arm-none-eabi/4.9.3/../../../../arm-none-eabi/lib/armv6-m/libnosys.a
LOAD _build/system_nrf51.o
LOAD _build/main.o
LOAD _build/app_error.o
LOAD _build/app_fifo.o
LOAD _build/app_util_platform.o
LOAD _build/nrf_assert.o
LOAD _build/retarget.o
LOAD _build/app_uart_fifo.o
LOAD _build/nrf_delay.o
LOAD _build/nrf_drv_common.o
LOAD _build/nrf_drv_gpiote.o
LOAD _build/gcc_startup_nrf51.o
START GROUP
LOAD /usr/local/gcc-arm-none-eabi-4_9-2015q2/bin/../lib/gcc/arm-none-eabi/4.9.3/armv6-m/libgcc.a
LOAD /usr/local/gcc-arm-none-eabi-4_9-2015q2/bin/../lib/gcc/arm-none-eabi/4.9.3/../../../../arm-none-eabi/lib/armv6-m/libc_nano.a
END GROUP
START GROUP
LOAD /usr/local/gcc-arm-none-eabi-4_9-2015q2/bin/../lib/gcc/arm-none-eabi/4.9.3/armv6-m/libgcc.a
LOAD /usr/local/gcc-arm-none-eabi-4_9-2015q2/bin/../lib/gcc/arm-none-eabi/4.9.3/../../../../arm-none-eabi/lib/armv6-m/libc_nano.a
END GROUP
LOAD /usr/local/gcc-arm-none-eabi-4_9-2015q2/bin/../lib/gcc/arm-none-eabi/4.9.3/armv6-m/crtend.o
LOAD /usr/local/gcc-arm-none-eabi-4_9-2015q2/bin/../lib/gcc/arm-none-eabi/4.9.3/armv6-m/crtn.o
START GROUP
LOAD /usr/local/gcc-arm-none-eabi-4_9-2015q2/bin/../lib/gcc/arm-none-eabi/4.9.3/armv6-m/libgcc.a
LOAD /usr/local/gcc-arm-none-eabi-4_9-2015q2/bin/../lib/gcc/arm-none-eabi/4.9.3/../../../../arm-none-eabi/lib/armv6-m/libc.a
LOAD /usr/local/gcc-arm-none-eabi-4_9-2015q2/bin/../lib/gcc/arm-none-eabi/4.9.3/../../../../arm-none-eabi/lib/armv6-m/libnosys.a
END GROUP

.text           0x0000000000000000     0x2b7c
 *(.Vectors)
 .Vectors       0x0000000000000000       0xc0 _build/gcc_startup_nrf51.o
                0x0000000000000000                __Vectors
 *(.text*)
 .text          0x00000000000000c0       0x78 /usr/local/gcc-arm-none-eabi-4_9-2015q2/bin/../lib/gcc/arm-none-eabi/4.9.3/../../../../arm-none-eabi/lib/armv6-m/crt0.o
                0x00000000000000c0                _mainCRTStartup
                0x00000000000000c0                _start
 .text.exit     0x0000000000000138       0x2c /usr/local/gcc-arm-none-eabi-4_9-2015q2/bin/../lib/gcc/arm-none-eabi/4.9.3/../../../../arm-none-eabi/lib/armv6-m/libc_nano.a(lib_a-exit.o)
                0x0000000000000138                exit
 .text.__libc_init_array
                0x0000000000000164       0x4c /usr/local/gcc-arm-none-eabi-4_9-2015q2/bin/../lib/gcc/arm-none-eabi/4.9.3/../../../../arm-none-eabi/lib/armv6-m/libc_nano.a(lib_a-init.o)
                0x0000000000000164                __libc_init_array
 .text.memset   0x00000000000001b0       0x10 /usr/local/gcc-arm-none-eabi-4_9-2015q2/bin/../lib/gcc/arm-none-eabi/4.9.3/../../../../arm-none-eabi/lib/armv6-m/libc_nano.a(lib_a-memset.o)
                0x00000000000001b0                memset
 .text._exit    0x00000000000001c0        0x4 /usr/local/gcc-arm-none-eabi-4_9-2015q2/bin/../lib/gcc/arm-none-eabi/4.9.3/../../../../arm-none-eabi/lib/armv6-m/libnosys.a(_exit.o)
                0x00000000000001c0                _exit
 .text.SystemInit
                0x00000000000001c4       0x40 _build/system_nrf51.o
                0x00000000000001c4                SystemInit
 .text.is_manual_peripheral_setup_needed
                0x0000000000000204       0x80 _build/system_nrf51.o
 .text.is_disabled_in_debug_needed
                0x0000000000000284       0x4c _build/system_nrf51.o
 .text.uart_error_handle
                0x00000000000002d0       0x3c _build/main.o
                0x00000000000002d0                uart_error_handle
 .text.setup_uart
                0x000000000000030c       0x78 _build/main.o
                0x000000000000030c                setup_uart
 .text.uart_read_byte
                0x0000000000000384       0x20 _build/main.o
                0x0000000000000384                uart_read_byte
 .text.main     0x00000000000003a4       0xa8 _build/main.o
                0x00000000000003a4                main
 .text.NVIC_SystemReset
                0x000000000000044c       0x1c _build/app_error.o
 .text.app_error_handler
                0x0000000000000468       0x18 _build/app_error.o
                0x0000000000000468                app_error_handler
 .text.fifo_length
                0x0000000000000480       0x20 _build/app_fifo.o
 .text.app_fifo_init
                0x00000000000004a0       0x5c _build/app_fifo.o
                0x00000000000004a0                app_fifo_init
 .text.app_fifo_put
                0x00000000000004fc       0x50 _build/app_fifo.o
                0x00000000000004fc                app_fifo_put
 .text.app_fifo_get
                0x000000000000054c       0x44 _build/app_fifo.o
                0x000000000000054c                app_fifo_get
 .text._write   0x0000000000000590       0x38 _build/retarget.o
                0x0000000000000590                _write
 .text._read    0x00000000000005c8       0x28 _build/retarget.o
                0x00000000000005c8                _read
 .text.NVIC_EnableIRQ
                0x00000000000005f0       0x2c _build/app_uart_fifo.o
 .text.NVIC_ClearPendingIRQ
                0x000000000000061c       0x30 _build/app_uart_fifo.o
 .text.NVIC_SetPriority
                0x000000000000064c       0xd4 _build/app_uart_fifo.o
 .text.nrf_gpio_cfg_output
                0x0000000000000720       0x20 _build/app_uart_fifo.o
 .text.nrf_gpio_cfg_input
                0x0000000000000740       0x2c _build/app_uart_fifo.o
 .text.fifo_length
                0x000000000000076c       0x20 _build/app_uart_fifo.o
 .text.action_uart_deactivate
                0x000000000000078c       0x2c _build/app_uart_fifo.o
 .text.action_tx_stop
                0x00000000000007b8       0x34 _build/app_uart_fifo.o
                0x00000000000007b8                action_tx_stop
 .text.action_tx_send
                0x00000000000007ec       0x68 _build/app_uart_fifo.o
 .text.action_tx_ready
                0x0000000000000854       0x24 _build/app_uart_fifo.o
 .text.on_cts_high
                0x0000000000000878       0x2c _build/app_uart_fifo.o
 .text.on_cts_low
                0x00000000000008a4       0x58 _build/app_uart_fifo.o
 .text.on_tx_ready
                0x00000000000008fc       0x30 _build/app_uart_fifo.o
 .text.on_uart_put
                0x000000000000092c       0x1c _build/app_uart_fifo.o
 .text.on_uart_close
                0x0000000000000948        0xc _build/app_uart_fifo.o
 .text.on_uart_event
                0x0000000000000954       0x48 _build/app_uart_fifo.o
 .text.gpiote_uart_event_handler
                0x000000000000099c       0x30 _build/app_uart_fifo.o
 .text.UART0_IRQHandler
                0x00000000000009cc       0xe8 _build/app_uart_fifo.o
                0x00000000000009cc                UART0_IRQHandler
 .text.uart_no_flow_control_init
                0x0000000000000ab4       0x64 _build/app_uart_fifo.o
 .text.uart_standard_flow_control_init
                0x0000000000000b18       0x6c _build/app_uart_fifo.o
 .text.app_uart_init
                0x0000000000000b84      0x260 _build/app_uart_fifo.o
                0x0000000000000b84                app_uart_init
 .text.app_uart_get
                0x0000000000000de4       0x24 _build/app_uart_fifo.o
                0x0000000000000de4                app_uart_get
 .text.app_uart_put
                0x0000000000000e08       0x34 _build/app_uart_fifo.o
                0x0000000000000e08                app_uart_put
 .text.NVIC_EnableIRQ
                0x0000000000000e3c       0x2c _build/nrf_drv_common.o
 .text.NVIC_ClearPendingIRQ
                0x0000000000000e68       0x30 _build/nrf_drv_common.o
 .text.NVIC_SetPriority
                0x0000000000000e98       0xd4 _build/nrf_drv_common.o
 .text.nrf_drv_common_irq_enable
                0x0000000000000f6c       0x44 _build/nrf_drv_common.o
                0x0000000000000f6c                nrf_drv_common_irq_enable
 .text.nrf_gpiote_event_is_set
                0x0000000000000fb0       0x2c _build/nrf_drv_gpiote.o
 .text.nrf_gpiote_event_clear
                0x0000000000000fdc       0x24 _build/nrf_drv_gpiote.o
 .text.nrf_gpiote_event_addr_get
                0x0000000000001000       0x24 _build/nrf_drv_gpiote.o
 .text.nrf_gpiote_int_enable
                0x0000000000001024       0x1c _build/nrf_drv_gpiote.o
 .text.nrf_gpiote_int_is_enabled
                0x0000000000001040       0x20 _build/nrf_drv_gpiote.o
 .text.nrf_gpiote_event_enable
                0x0000000000001060       0x30 _build/nrf_drv_gpiote.o
 .text.nrf_gpiote_event_configure
                0x0000000000001090       0x6c _build/nrf_drv_gpiote.o
 .text.nrf_gpiote_event_pin_get
                0x00000000000010fc       0x28 _build/nrf_drv_gpiote.o
 .text.nrf_gpiote_event_polarity_get
                0x0000000000001124       0x2c _build/nrf_drv_gpiote.o
 .text.nrf_gpiote_task_configure
                0x0000000000001150       0x84 _build/nrf_drv_gpiote.o
 .text.nrf_gpio_cfg_output
                0x00000000000011d4       0x20 _build/nrf_drv_gpiote.o
 .text.nrf_gpio_cfg_input
                0x00000000000011f4       0x2c _build/nrf_drv_gpiote.o
 .text.nrf_gpio_cfg_watcher
                0x0000000000001220       0x34 _build/nrf_drv_gpiote.o
 .text.nrf_gpio_cfg_sense_set
                0x0000000000001254       0x5c _build/nrf_drv_gpiote.o
 .text.nrf_gpio_pin_set
                0x00000000000012b0       0x20 _build/nrf_drv_gpiote.o
 .text.nrf_gpio_pin_clear
                0x00000000000012d0       0x24 _build/nrf_drv_gpiote.o
 .text.nrf_gpio_pin_read
                0x00000000000012f4       0x24 _build/nrf_drv_gpiote.o
 .text.nrf_gpio_pins_read
                0x0000000000001318       0x14 _build/nrf_drv_gpiote.o
 .text.nrf_gpio_pin_sense_get
                0x000000000000132c       0x28 _build/nrf_drv_gpiote.o
 .text.pin_in_use
                0x0000000000001354       0x28 _build/nrf_drv_gpiote.o
 .text.pin_in_use_by_te
                0x000000000000137c       0x44 _build/nrf_drv_gpiote.o
 .text.pin_in_use_by_port
                0x00000000000013c0       0x2c _build/nrf_drv_gpiote.o
 .text.pin_in_use_by_gpiote
                0x00000000000013ec       0x28 _build/nrf_drv_gpiote.o
 .text.pin_in_use_by_te_set
                0x0000000000001414       0x58 _build/nrf_drv_gpiote.o
 .text.pin_in_use_set
                0x000000000000146c       0x20 _build/nrf_drv_gpiote.o
 .text.pin_in_use_clear
                0x000000000000148c       0x20 _build/nrf_drv_gpiote.o
 .text.channel_port_get
                0x00000000000014ac       0x20 _build/nrf_drv_gpiote.o
 .text.channel_handler_get
                0x00000000000014cc       0x1c _build/nrf_drv_gpiote.o
 .text.channel_port_alloc
                0x00000000000014e8       0x84 _build/nrf_drv_gpiote.o
 .text.channel_free
                0x000000000000156c       0x40 _build/nrf_drv_gpiote.o
 .text.nrf_drv_gpiote_init
                0x00000000000015ac       0x84 _build/nrf_drv_gpiote.o
                0x00000000000015ac                nrf_drv_gpiote_init
 .text.nrf_drv_gpiote_is_init
                0x0000000000001630       0x1c _build/nrf_drv_gpiote.o
                0x0000000000001630                nrf_drv_gpiote_is_init
 .text.nrf_drv_gpiote_out_init
                0x000000000000164c       0xa0 _build/nrf_drv_gpiote.o
                0x000000000000164c                nrf_drv_gpiote_out_init
 .text.nrf_drv_gpiote_in_init
                0x00000000000016ec       0xd4 _build/nrf_drv_gpiote.o
                0x00000000000016ec                nrf_drv_gpiote_in_init
 .text.nrf_drv_gpiote_in_event_enable
                0x00000000000017c0      0x10c _build/nrf_drv_gpiote.o
                0x00000000000017c0                nrf_drv_gpiote_in_event_enable
 .text.nrf_drv_gpiote_in_is_set
                0x00000000000018cc       0x20 _build/nrf_drv_gpiote.o
                0x00000000000018cc                nrf_drv_gpiote_in_is_set
 .text.GPIOTE_IRQHandler
                0x00000000000018ec      0x1e8 _build/nrf_drv_gpiote.o
                0x00000000000018ec                GPIOTE_IRQHandler
 .text          0x0000000000001ad4       0x54 _build/gcc_startup_nrf51.o
                0x0000000000001ad4                Reset_Handler
                0x0000000000001b1c                NMI_Handler
                0x0000000000001b1e                HardFault_Handler
                0x0000000000001b20                SVC_Handler
                0x0000000000001b22                PendSV_Handler
                0x0000000000001b24                SysTick_Handler
                0x0000000000001b26                SWI4_IRQHandler
                0x0000000000001b26                TEMP_IRQHandler
                0x0000000000001b26                QDEC_IRQHandler
                0x0000000000001b26                SWI5_IRQHandler
                0x0000000000001b26                TIMER0_IRQHandler
                0x0000000000001b26                SWI0_IRQHandler
                0x0000000000001b26                TIMER1_IRQHandler
                0x0000000000001b26                ECB_IRQHandler
                0x0000000000001b26                Default_Handler
                0x0000000000001b26                ADC_IRQHandler
                0x0000000000001b26                SWI3_IRQHandler
                0x0000000000001b26                CCM_AAR_IRQHandler
                0x0000000000001b26                WDT_IRQHandler
                0x0000000000001b26                SWI2_IRQHandler
                0x0000000000001b26                RNG_IRQHandler
                0x0000000000001b26                SPI1_TWI1_IRQHandler
                0x0000000000001b26                RTC1_IRQHandler
                0x0000000000001b26                TIMER2_IRQHandler
                0x0000000000001b26                SWI1_IRQHandler
                0x0000000000001b26                SPI0_TWI0_IRQHandler
                0x0000000000001b26                RTC0_IRQHandler
                0x0000000000001b26                POWER_CLOCK_IRQHandler
                0x0000000000001b26                RADIO_IRQHandler
                0x0000000000001b26                LPCOMP_IRQHandler
 .text.printf   0x0000000000001b28       0x34 /usr/local/gcc-arm-none-eabi-4_9-2015q2/bin/../lib/gcc/arm-none-eabi/4.9.3/../../../../arm-none-eabi/lib/armv6-m/libc_nano.a(lib_a-printf.o)
                0x0000000000001b28                printf
                0x0000000000001b28                iprintf
 .text._cleanup_r
                0x0000000000001b5c       0x10 /usr/local/gcc-arm-none-eabi-4_9-2015q2/bin/../lib/gcc/arm-none-eabi/4.9.3/../../../../arm-none-eabi/lib/armv6-m/libc_nano.a(lib_a-findfp.o)
                0x0000000000001b5c                _cleanup_r
 .text.std.isra.0
                0x0000000000001b6c       0x48 /usr/local/gcc-arm-none-eabi-4_9-2015q2/bin/../lib/gcc/arm-none-eabi/4.9.3/../../../../arm-none-eabi/lib/armv6-m/libc_nano.a(lib_a-findfp.o)
 .text.__sfmoreglue
                0x0000000000001bb4       0x2c /usr/local/gcc-arm-none-eabi-4_9-2015q2/bin/../lib/gcc/arm-none-eabi/4.9.3/../../../../arm-none-eabi/lib/armv6-m/libc_nano.a(lib_a-findfp.o)
                0x0000000000001bb4                __sfmoreglue
 .text.__sinit  0x0000000000001be0       0x64 /usr/local/gcc-arm-none-eabi-4_9-2015q2/bin/../lib/gcc/arm-none-eabi/4.9.3/../../../../arm-none-eabi/lib/armv6-m/libc_nano.a(lib_a-findfp.o)
                0x0000000000001be0                __sinit
 .text.__sfp    0x0000000000001c44       0x7c /usr/local/gcc-arm-none-eabi-4_9-2015q2/bin/../lib/gcc/arm-none-eabi/4.9.3/../../../../arm-none-eabi/lib/armv6-m/libc_nano.a(lib_a-findfp.o)
                0x0000000000001c44                __sfp
 .text._fwalk_reent
                0x0000000000001cc0       0x42 /usr/local/gcc-arm-none-eabi-4_9-2015q2/bin/../lib/gcc/arm-none-eabi/4.9.3/../../../../arm-none-eabi/lib/armv6-m/libc_nano.a(lib_a-fwalk.o)
                0x0000000000001cc0                _fwalk_reent
 *fill*         0x0000000000001d02        0x2 
 .text._malloc_r
                0x0000000000001d04       0xb0 /usr/local/gcc-arm-none-eabi-4_9-2015q2/bin/../lib/gcc/arm-none-eabi/4.9.3/../../../../arm-none-eabi/lib/armv6-m/libc_nano.a(lib_a-nano-mallocr.o)
                0x0000000000001d04                _malloc_r
 .text.__sfputc_r
                0x0000000000001db4       0x2a /usr/local/gcc-arm-none-eabi-4_9-2015q2/bin/../lib/gcc/arm-none-eabi/4.9.3/../../../../arm-none-eabi/lib/armv6-m/libc_nano.a(lib_a-nano-vfprintf.o)
 .text.__sfputs_r
                0x0000000000001dde       0x24 /usr/local/gcc-arm-none-eabi-4_9-2015q2/bin/../lib/gcc/arm-none-eabi/4.9.3/../../../../arm-none-eabi/lib/armv6-m/libc_nano.a(lib_a-nano-vfprintf.o)
                0x0000000000001dde                __sfputs_r
 *fill*         0x0000000000001e02        0x2 
 .text._vfprintf_r
                0x0000000000001e04      0x220 /usr/local/gcc-arm-none-eabi-4_9-2015q2/bin/../lib/gcc/arm-none-eabi/4.9.3/../../../../arm-none-eabi/lib/armv6-m/libc_nano.a(lib_a-nano-vfprintf.o)
                0x0000000000001e04                _vfiprintf_r
                0x0000000000001e04                _vfprintf_r
 .text._printf_common
                0x0000000000002024       0xdc /usr/local/gcc-arm-none-eabi-4_9-2015q2/bin/../lib/gcc/arm-none-eabi/4.9.3/../../../../arm-none-eabi/lib/armv6-m/libc_nano.a(lib_a-nano-vfprintf_i.o)
                0x0000000000002024                _printf_common
 .text._printf_i
                0x0000000000002100      0x230 /usr/local/gcc-arm-none-eabi-4_9-2015q2/bin/../lib/gcc/arm-none-eabi/4.9.3/../../../../arm-none-eabi/lib/armv6-m/libc_nano.a(lib_a-nano-vfprintf_i.o)
                0x0000000000002100                _printf_i
 .text._sbrk_r  0x0000000000002330       0x24 /usr/local/gcc-arm-none-eabi-4_9-2015q2/bin/../lib/gcc/arm-none-eabi/4.9.3/../../../../arm-none-eabi/lib/armv6-m/libc_nano.a(lib_a-sbrkr.o)
                0x0000000000002330                _sbrk_r
 .text.__sread  0x0000000000002354       0x28 /usr/local/gcc-arm-none-eabi-4_9-2015q2/bin/../lib/gcc/arm-none-eabi/4.9.3/../../../../arm-none-eabi/lib/armv6-m/libc_nano.a(lib_a-stdio.o)
                0x0000000000002354                __sread
 .text.__swrite
                0x000000000000237c       0x38 /usr/local/gcc-arm-none-eabi-4_9-2015q2/bin/../lib/gcc/arm-none-eabi/4.9.3/../../../../arm-none-eabi/lib/armv6-m/libc_nano.a(lib_a-stdio.o)
                0x000000000000237c                __swrite
 .text.__sseek  0x00000000000023b4       0x2c /usr/local/gcc-arm-none-eabi-4_9-2015q2/bin/../lib/gcc/arm-none-eabi/4.9.3/../../../../arm-none-eabi/lib/armv6-m/libc_nano.a(lib_a-stdio.o)
                0x00000000000023b4                __sseek
 .text.__sclose
                0x00000000000023e0        0xc /usr/local/gcc-arm-none-eabi-4_9-2015q2/bin/../lib/gcc/arm-none-eabi/4.9.3/../../../../arm-none-eabi/lib/armv6-m/libc_nano.a(lib_a-stdio.o)
                0x00000000000023e0                __sclose
 .text.__swbuf_r
                0x00000000000023ec       0xb0 /usr/local/gcc-arm-none-eabi-4_9-2015q2/bin/../lib/gcc/arm-none-eabi/4.9.3/../../../../arm-none-eabi/lib/armv6-m/libc_nano.a(lib_a-wbuf.o)
                0x00000000000023ec                __swbuf_r
 .text._write_r
                0x000000000000249c       0x28 /usr/local/gcc-arm-none-eabi-4_9-2015q2/bin/../lib/gcc/arm-none-eabi/4.9.3/../../../../arm-none-eabi/lib/armv6-m/libc_nano.a(lib_a-writer.o)
                0x000000000000249c                _write_r
 .text.__swsetup_r
                0x00000000000024c4       0xe8 /usr/local/gcc-arm-none-eabi-4_9-2015q2/bin/../lib/gcc/arm-none-eabi/4.9.3/../../../../arm-none-eabi/lib/armv6-m/libc_nano.a(lib_a-wsetup.o)
                0x00000000000024c4                __swsetup_r
 .text._close_r
                0x00000000000025ac       0x24 /usr/local/gcc-arm-none-eabi-4_9-2015q2/bin/../lib/gcc/arm-none-eabi/4.9.3/../../../../arm-none-eabi/lib/armv6-m/libc_nano.a(lib_a-closer.o)
                0x00000000000025ac                _close_r
 .text.__sflush_r
                0x00000000000025d0      0x112 /usr/local/gcc-arm-none-eabi-4_9-2015q2/bin/../lib/gcc/arm-none-eabi/4.9.3/../../../../arm-none-eabi/lib/armv6-m/libc_nano.a(lib_a-fflush.o)
                0x00000000000025d0                __sflush_r
 *fill*         0x00000000000026e2        0x2 
 .text._fflush_r
                0x00000000000026e4       0x58 /usr/local/gcc-arm-none-eabi-4_9-2015q2/bin/../lib/gcc/arm-none-eabi/4.9.3/../../../../arm-none-eabi/lib/armv6-m/libc_nano.a(lib_a-fflush.o)
                0x00000000000026e4                _fflush_r
 .text._lseek_r
                0x000000000000273c       0x28 /usr/local/gcc-arm-none-eabi-4_9-2015q2/bin/../lib/gcc/arm-none-eabi/4.9.3/../../../../arm-none-eabi/lib/armv6-m/libc_nano.a(lib_a-lseekr.o)
                0x000000000000273c                _lseek_r
 .text.__smakebuf_r
                0x0000000000002764       0xb0 /usr/local/gcc-arm-none-eabi-4_9-2015q2/bin/../lib/gcc/arm-none-eabi/4.9.3/../../../../arm-none-eabi/lib/armv6-m/libc_nano.a(lib_a-makebuf.o)
                0x0000000000002764                __smakebuf_r
 .text.memchr   0x0000000000002814       0x16 /usr/local/gcc-arm-none-eabi-4_9-2015q2/bin/../lib/gcc/arm-none-eabi/4.9.3/../../../../arm-none-eabi/lib/armv6-m/libc_nano.a(lib_a-memchr.o)
                0x0000000000002814                memchr
 *fill*         0x000000000000282a        0x2 
 .text._free_r  0x000000000000282c       0x8c /usr/local/gcc-arm-none-eabi-4_9-2015q2/bin/../lib/gcc/arm-none-eabi/4.9.3/../../../../arm-none-eabi/lib/armv6-m/libc_nano.a(lib_a-nano-freer.o)
                0x000000000000282c                _free_r
 .text._read_r  0x00000000000028b8       0x28 /usr/local/gcc-arm-none-eabi-4_9-2015q2/bin/../lib/gcc/arm-none-eabi/4.9.3/../../../../arm-none-eabi/lib/armv6-m/libc_nano.a(lib_a-readr.o)
                0x00000000000028b8                _read_r
 .text._fstat_r
                0x00000000000028e0       0x24 /usr/local/gcc-arm-none-eabi-4_9-2015q2/bin/../lib/gcc/arm-none-eabi/4.9.3/../../../../arm-none-eabi/lib/armv6-m/libc_nano.a(lib_a-fstatr.o)
                0x00000000000028e0                _fstat_r
 .text._isatty_r
                0x0000000000002904       0x24 /usr/local/gcc-arm-none-eabi-4_9-2015q2/bin/../lib/gcc/arm-none-eabi/4.9.3/../../../../arm-none-eabi/lib/armv6-m/libc_nano.a(lib_a-isattyr.o)
                0x0000000000002904                _isatty_r
 .text          0x0000000000002928      0x120 /usr/local/gcc-arm-none-eabi-4_9-2015q2/bin/../lib/gcc/arm-none-eabi/4.9.3/armv6-m/libgcc.a(_udivsi3.o)
                0x0000000000002928                __udivsi3
                0x0000000000002928                __aeabi_uidiv
                0x0000000000002a34                __aeabi_uidivmod
 .text          0x0000000000002a48        0x4 /usr/local/gcc-arm-none-eabi-4_9-2015q2/bin/../lib/gcc/arm-none-eabi/4.9.3/armv6-m/libgcc.a(_dvmd_tls.o)
                0x0000000000002a48                __aeabi_ldiv0
                0x0000000000002a48                __aeabi_idiv0
 .text._close   0x0000000000002a4c       0x10 /usr/local/gcc-arm-none-eabi-4_9-2015q2/bin/../lib/gcc/arm-none-eabi/4.9.3/../../../../arm-none-eabi/lib/armv6-m/libnosys.a(close.o)
                0x0000000000002a4c                _close
 .text._fstat   0x0000000000002a5c       0x10 /usr/local/gcc-arm-none-eabi-4_9-2015q2/bin/../lib/gcc/arm-none-eabi/4.9.3/../../../../arm-none-eabi/lib/armv6-m/libnosys.a(fstat.o)
                0x0000000000002a5c                _fstat
 .text._isatty  0x0000000000002a6c       0x10 /usr/local/gcc-arm-none-eabi-4_9-2015q2/bin/../lib/gcc/arm-none-eabi/4.9.3/../../../../arm-none-eabi/lib/armv6-m/libnosys.a(isatty.o)
                0x0000000000002a6c                _isatty
 .text._lseek   0x0000000000002a7c       0x10 /usr/local/gcc-arm-none-eabi-4_9-2015q2/bin/../lib/gcc/arm-none-eabi/4.9.3/../../../../arm-none-eabi/lib/armv6-m/libnosys.a(lseek.o)
                0x0000000000002a7c                _lseek
 .text._sbrk    0x0000000000002a8c       0x1c /usr/local/gcc-arm-none-eabi-4_9-2015q2/bin/../lib/gcc/arm-none-eabi/4.9.3/../../../../arm-none-eabi/lib/armv6-m/libnosys.a(sbrk.o)
                0x0000000000002a8c                _sbrk
 *(.init)
 .init          0x0000000000002aa8        0x4 /usr/local/gcc-arm-none-eabi-4_9-2015q2/bin/../lib/gcc/arm-none-eabi/4.9.3/armv6-m/crti.o
                0x0000000000002aa8                _init
 .init          0x0000000000002aac        0x8 /usr/local/gcc-arm-none-eabi-4_9-2015q2/bin/../lib/gcc/arm-none-eabi/4.9.3/armv6-m/crtn.o
 *(.fini)
 .fini          0x0000000000002ab4        0x4 /usr/local/gcc-arm-none-eabi-4_9-2015q2/bin/../lib/gcc/arm-none-eabi/4.9.3/armv6-m/crti.o
                0x0000000000002ab4                _fini
 .fini          0x0000000000002ab8        0x8 /usr/local/gcc-arm-none-eabi-4_9-2015q2/bin/../lib/gcc/arm-none-eabi/4.9.3/armv6-m/crtn.o
 *crtbegin.o(.ctors)
 *crtbegin?.o(.ctors)
 *(EXCLUDE_FILE(*crtend.o *crtend?.o) .ctors)
 *(SORT(.ctors.*))
 *(.ctors)
 *crtbegin.o(.dtors)
 *crtbegin?.o(.dtors)
 *(EXCLUDE_FILE(*crtend.o *crtend?.o) .dtors)
 *(SORT(.dtors.*))
 *(.dtors)
 *(.rodata*)
 .rodata.str1.1
                0x0000000000002ac0        0x2 /usr/local/gcc-arm-none-eabi-4_9-2015q2/bin/../lib/gcc/arm-none-eabi/4.9.3/../../../../arm-none-eabi/lib/armv6-m/libc_nano.a(lib_a-impure.o)
 *fill*         0x0000000000002ac2        0x2 
 .rodata._global_impure_ptr
                0x0000000000002ac4        0x4 /usr/local/gcc-arm-none-eabi-4_9-2015q2/bin/../lib/gcc/arm-none-eabi/4.9.3/../../../../arm-none-eabi/lib/armv6-m/libc_nano.a(lib_a-impure.o)
                0x0000000000002ac4                _global_impure_ptr
 .rodata        0x0000000000002ac8        0xc _build/main.o
 .rodata.on_uart_event
                0x0000000000002ad4       0x14 _build/app_uart_fifo.o
 .rodata.__sf_fake_stdin
                0x0000000000002ae8       0x20 /usr/local/gcc-arm-none-eabi-4_9-2015q2/bin/../lib/gcc/arm-none-eabi/4.9.3/../../../../arm-none-eabi/lib/armv6-m/libc_nano.a(lib_a-findfp.o)
                0x0000000000002ae8                __sf_fake_stdin
 .rodata.__sf_fake_stdout
                0x0000000000002b08       0x20 /usr/local/gcc-arm-none-eabi-4_9-2015q2/bin/../lib/gcc/arm-none-eabi/4.9.3/../../../../arm-none-eabi/lib/armv6-m/libc_nano.a(lib_a-findfp.o)
                0x0000000000002b08                __sf_fake_stdout
 .rodata.__sf_fake_stderr
                0x0000000000002b28       0x20 /usr/local/gcc-arm-none-eabi-4_9-2015q2/bin/../lib/gcc/arm-none-eabi/4.9.3/../../../../arm-none-eabi/lib/armv6-m/libc_nano.a(lib_a-findfp.o)
                0x0000000000002b28                __sf_fake_stderr
 .rodata.str1.1
                0x0000000000002b48       0x11 /usr/local/gcc-arm-none-eabi-4_9-2015q2/bin/../lib/gcc/arm-none-eabi/4.9.3/../../../../arm-none-eabi/lib/armv6-m/libc_nano.a(lib_a-nano-vfprintf.o)
 .rodata.str1.1
                0x0000000000002b59       0x22 /usr/local/gcc-arm-none-eabi-4_9-2015q2/bin/../lib/gcc/arm-none-eabi/4.9.3/../../../../arm-none-eabi/lib/armv6-m/libc_nano.a(lib_a-nano-vfprintf_i.o)
 *(.eh_frame*)
                0x0000000000002b7c                . = ALIGN (0x4)
 *fill*         0x0000000000002b7b        0x1 

.glue_7         0x0000000000002b7c        0x0
 .glue_7        0x0000000000000000        0x0 linker stubs

.glue_7t        0x0000000000002b7c        0x0
 .glue_7t       0x0000000000000000        0x0 linker stubs

.vfp11_veneer   0x0000000000002b7c        0x0
 .vfp11_veneer  0x0000000000000000        0x0 linker stubs

.v4_bx          0x0000000000002b7c        0x0
 .v4_bx         0x0000000000000000        0x0 linker stubs

.iplt           0x0000000000002b7c        0x0
 .iplt          0x0000000000000000        0x0 /usr/local/gcc-arm-none-eabi-4_9-2015q2/bin/../lib/gcc/arm-none-eabi/4.9.3/armv6-m/crtbegin.o

.ARM.extab      0x0000000000002b7c        0x0
 *(.ARM.extab* .gnu.linkonce.armextab.*)
                0x0000000000002b7c                . = ALIGN (0x4)
                0x0000000000002b7c                __exidx_start = .

.ARM.exidx      0x0000000000002b7c        0x8
 *(.ARM.exidx* .gnu.linkonce.armexidx.*)
 .ARM.exidx     0x0000000000002b7c        0x8 /usr/local/gcc-arm-none-eabi-4_9-2015q2/bin/../lib/gcc/arm-none-eabi/4.9.3/../../../../arm-none-eabi/lib/armv6-m/crt0.o
 .ARM.exidx     0x0000000000002b84        0x0 _build/gcc_startup_nrf51.o
                                          0x8 (size before relaxing)
                0x0000000000002b84                . = ALIGN (0x4)
                0x0000000000002b84                __exidx_end = .
                0x0000000000002b84                __etext = .

.rel.dyn        0x0000000000002b84        0x0
 .rel.iplt      0x0000000000000000        0x0 /usr/local/gcc-arm-none-eabi-4_9-2015q2/bin/../lib/gcc/arm-none-eabi/4.9.3/armv6-m/crtbegin.o

.data           0x0000000020000000       0x68 load address 0x0000000000002b84
                0x0000000020000000                __data_start__ = .
 *(vtable)
 *(.data*)
 .data.impure_data
                0x0000000020000000       0x60 /usr/local/gcc-arm-none-eabi-4_9-2015q2/bin/../lib/gcc/arm-none-eabi/4.9.3/../../../../arm-none-eabi/lib/armv6-m/libc_nano.a(lib_a-impure.o)
 .data._impure_ptr
                0x0000000020000060        0x4 /usr/local/gcc-arm-none-eabi-4_9-2015q2/bin/../lib/gcc/arm-none-eabi/4.9.3/../../../../arm-none-eabi/lib/armv6-m/libc_nano.a(lib_a-impure.o)
                0x0000000020000060                _impure_ptr
 .data.m_instance_counter
                0x0000000020000064        0x1 _build/app_uart_fifo.o
                0x0000000020000068                . = ALIGN (0x4)
 *fill*         0x0000000020000065        0x3 
                0x0000000020000068                PROVIDE (__preinit_array_start, .)
 *(.preinit_array)
                0x0000000020000068                PROVIDE (__preinit_array_end, .)
                0x0000000020000068                . = ALIGN (0x4)
                0x0000000020000068                PROVIDE (__init_array_start, .)
 *(SORT(.init_array.*))
 *(.init_array)
                0x0000000020000068                PROVIDE (__init_array_end, .)
                0x0000000020000068                . = ALIGN (0x4)
                0x0000000020000068                PROVIDE (__fini_array_start, .)
 *(SORT(.fini_array.*))
 *(.fini_array)
                0x0000000020000068                PROVIDE (__fini_array_end, .)
 *(.jcr)
                0x0000000020000068                . = ALIGN (0x4)
                0x0000000020000068                __data_end__ = .

.igot.plt       0x0000000020000068        0x0 load address 0x0000000000002bec
 .igot.plt      0x0000000000000000        0x0 /usr/local/gcc-arm-none-eabi-4_9-2015q2/bin/../lib/gcc/arm-none-eabi/4.9.3/armv6-m/crtbegin.o

.bss            0x0000000020000068      0x178 load address 0x0000000000002bec
                0x0000000020000068                . = ALIGN (0x4)
                0x0000000020000068                __bss_start__ = .
 *(.bss*)
 .bss.rx_buf.5878
                0x0000000020000068        0x1 _build/main.o
 *fill*         0x0000000020000069        0x3 
 .bss.tx_buf.5879
                0x000000002000006c      0x100 _build/main.o
 .bss.m_rx_fifo
                0x000000002000016c       0x10 _build/app_uart_fifo.o
 .bss.m_tx_fifo
                0x000000002000017c       0x10 _build/app_uart_fifo.o
 .bss.m_event_handler
                0x000000002000018c        0x4 _build/app_uart_fifo.o
 .bss.m_current_state
                0x0000000020000190        0x1 _build/app_uart_fifo.o
 *fill*         0x0000000020000191        0x3 
 .bss.m_cb      0x0000000020000194       0x3c _build/nrf_drv_gpiote.o
 .bss.__malloc_sbrk_start
                0x00000000200001d0        0x4 /usr/local/gcc-arm-none-eabi-4_9-2015q2/bin/../lib/gcc/arm-none-eabi/4.9.3/../../../../arm-none-eabi/lib/armv6-m/libc_nano.a(lib_a-nano-mallocr.o)
                0x00000000200001d0                __malloc_sbrk_start
 .bss.__malloc_free_list
                0x00000000200001d4        0x4 /usr/local/gcc-arm-none-eabi-4_9-2015q2/bin/../lib/gcc/arm-none-eabi/4.9.3/../../../../arm-none-eabi/lib/armv6-m/libc_nano.a(lib_a-nano-mallocr.o)
                0x00000000200001d4                __malloc_free_list
 .bss.heap_end.4079
                0x00000000200001d8        0x4 /usr/local/gcc-arm-none-eabi-4_9-2015q2/bin/../lib/gcc/arm-none-eabi/4.9.3/../../../../arm-none-eabi/lib/armv6-m/libnosys.a(sbrk.o)
 *(COMMON)
 COMMON         0x00000000200001dc        0x4 /usr/local/gcc-arm-none-eabi-4_9-2015q2/bin/../lib/gcc/arm-none-eabi/4.9.3/../../../../arm-none-eabi/lib/armv6-m/libc_nano.a(lib_a-reent.o)
                0x00000000200001dc                errno
                0x00000000200001e0                . = ALIGN (0x4)
                0x00000000200001e0                __bss_end__ = .

.heap           0x00000000200001e0      0x800
                0x00000000200001e0                __end__ = .
                0x00000000200001e0                end = __end__
 *(.heap*)
 .heap          0x00000000200001e0      0x800 _build/gcc_startup_nrf51.o
                0x00000000200001e0                __HeapBase
                0x00000000200009e0                __HeapLimit = .

.stack_dummy    0x00000000200001e0      0x800
 *(.stack*)
 .stack         0x00000000200001e0      0x800 _build/gcc_startup_nrf51.o
                0x0000000020008000                __StackTop = (ORIGIN (RAM) + 0x8000)
                0x0000000020007800                __StackLimit = (__StackTop - SIZEOF (.stack_dummy))
                0x0000000020008000                PROVIDE (__stack, __StackTop)
                0x0000000000000001                ASSERT ((__StackLimit >= __HeapLimit), region RAM overflowed with stack)
OUTPUT(_build/nrf51422_xxac.out elf32-littlearm)

.ARM.attributes
                0x0000000000000000       0x28
 .ARM.attributes
                0x0000000000000000       0x1e /usr/local/gcc-arm-none-eabi-4_9-2015q2/bin/../lib/gcc/arm-none-eabi/4.9.3/armv6-m/crti.o
 .ARM.attributes
                0x000000000000001e       0x1b /usr/local/gcc-arm-none-eabi-4_9-2015q2/bin/../lib/gcc/arm-none-eabi/4.9.3/../../../../arm-none-eabi/lib/armv6-m/crt0.o
 .ARM.attributes
                0x0000000000000039       0x2c /usr/local/gcc-arm-none-eabi-4_9-2015q2/bin/../lib/gcc/arm-none-eabi/4.9.3/../../../../arm-none-eabi/lib/armv6-m/libc_nano.a(lib_a-exit.o)
 .ARM.attributes
                0x0000000000000065       0x2c /usr/local/gcc-arm-none-eabi-4_9-2015q2/bin/../lib/gcc/arm-none-eabi/4.9.3/../../../../arm-none-eabi/lib/armv6-m/libc_nano.a(lib_a-impure.o)
 .ARM.attributes
                0x0000000000000091       0x2c /usr/local/gcc-arm-none-eabi-4_9-2015q2/bin/../lib/gcc/arm-none-eabi/4.9.3/../../../../arm-none-eabi/lib/armv6-m/libc_nano.a(lib_a-init.o)
 .ARM.attributes
                0x00000000000000bd       0x2c /usr/local/gcc-arm-none-eabi-4_9-2015q2/bin/../lib/gcc/arm-none-eabi/4.9.3/../../../../arm-none-eabi/lib/armv6-m/libc_nano.a(lib_a-memset.o)
 .ARM.attributes
                0x00000000000000e9       0x2c /usr/local/gcc-arm-none-eabi-4_9-2015q2/bin/../lib/gcc/arm-none-eabi/4.9.3/../../../../arm-none-eabi/lib/armv6-m/libnosys.a(_exit.o)
 .ARM.attributes
                0x0000000000000115       0x31 _build/system_nrf51.o
 .ARM.attributes
                0x0000000000000146       0x31 _build/main.o
 .ARM.attributes
                0x0000000000000177       0x31 _build/app_error.o
 .ARM.attributes
                0x00000000000001a8       0x31 _build/app_fifo.o
 .ARM.attributes
                0x00000000000001d9       0x31 _build/retarget.o
 .ARM.attributes
                0x000000000000020a       0x31 _build/app_uart_fifo.o
 .ARM.attributes
                0x000000000000023b       0x31 _build/nrf_drv_common.o
 .ARM.attributes
                0x000000000000026c       0x31 _build/nrf_drv_gpiote.o
 .ARM.attributes
                0x000000000000029d       0x1b _build/gcc_startup_nrf51.o
 .ARM.attributes
                0x00000000000002b8       0x2c /usr/local/gcc-arm-none-eabi-4_9-2015q2/bin/../lib/gcc/arm-none-eabi/4.9.3/../../../../arm-none-eabi/lib/armv6-m/libc_nano.a(lib_a-printf.o)
 .ARM.attributes
                0x00000000000002e4       0x2c /usr/local/gcc-arm-none-eabi-4_9-2015q2/bin/../lib/gcc/arm-none-eabi/4.9.3/../../../../arm-none-eabi/lib/armv6-m/libc_nano.a(lib_a-findfp.o)
 .ARM.attributes
                0x0000000000000310       0x2c /usr/local/gcc-arm-none-eabi-4_9-2015q2/bin/../lib/gcc/arm-none-eabi/4.9.3/../../../../arm-none-eabi/lib/armv6-m/libc_nano.a(lib_a-fwalk.o)
 .ARM.attributes
                0x000000000000033c       0x2c /usr/local/gcc-arm-none-eabi-4_9-2015q2/bin/../lib/gcc/arm-none-eabi/4.9.3/../../../../arm-none-eabi/lib/armv6-m/libc_nano.a(lib_a-nano-mallocr.o)
 .ARM.attributes
                0x0000000000000368       0x2c /usr/local/gcc-arm-none-eabi-4_9-2015q2/bin/../lib/gcc/arm-none-eabi/4.9.3/../../../../arm-none-eabi/lib/armv6-m/libc_nano.a(lib_a-nano-vfprintf.o)
 .ARM.attributes
                0x0000000000000394       0x2c /usr/local/gcc-arm-none-eabi-4_9-2015q2/bin/../lib/gcc/arm-none-eabi/4.9.3/../../../../arm-none-eabi/lib/armv6-m/libc_nano.a(lib_a-nano-vfprintf_i.o)
 .ARM.attributes
                0x00000000000003c0       0x2c /usr/local/gcc-arm-none-eabi-4_9-2015q2/bin/../lib/gcc/arm-none-eabi/4.9.3/../../../../arm-none-eabi/lib/armv6-m/libc_nano.a(lib_a-sbrkr.o)
 .ARM.attributes
                0x00000000000003ec       0x2c /usr/local/gcc-arm-none-eabi-4_9-2015q2/bin/../lib/gcc/arm-none-eabi/4.9.3/../../../../arm-none-eabi/lib/armv6-m/libc_nano.a(lib_a-stdio.o)
 .ARM.attributes
                0x0000000000000418       0x2c /usr/local/gcc-arm-none-eabi-4_9-2015q2/bin/../lib/gcc/arm-none-eabi/4.9.3/../../../../arm-none-eabi/lib/armv6-m/libc_nano.a(lib_a-wbuf.o)
 .ARM.attributes
                0x0000000000000444       0x2c /usr/local/gcc-arm-none-eabi-4_9-2015q2/bin/../lib/gcc/arm-none-eabi/4.9.3/../../../../arm-none-eabi/lib/armv6-m/libc_nano.a(lib_a-writer.o)
 .ARM.attributes
                0x0000000000000470       0x2c /usr/local/gcc-arm-none-eabi-4_9-2015q2/bin/../lib/gcc/arm-none-eabi/4.9.3/../../../../arm-none-eabi/lib/armv6-m/libc_nano.a(lib_a-wsetup.o)
 .ARM.attributes
                0x000000000000049c       0x2c /usr/local/gcc-arm-none-eabi-4_9-2015q2/bin/../lib/gcc/arm-none-eabi/4.9.3/../../../../arm-none-eabi/lib/armv6-m/libc_nano.a(lib_a-closer.o)
 .ARM.attributes
                0x00000000000004c8       0x2c /usr/local/gcc-arm-none-eabi-4_9-2015q2/bin/../lib/gcc/arm-none-eabi/4.9.3/../../../../arm-none-eabi/lib/armv6-m/libc_nano.a(lib_a-fflush.o)
 .ARM.attributes
                0x00000000000004f4       0x2c /usr/local/gcc-arm-none-eabi-4_9-2015q2/bin/../lib/gcc/arm-none-eabi/4.9.3/../../../../arm-none-eabi/lib/armv6-m/libc_nano.a(lib_a-lseekr.o)
 .ARM.attributes
                0x0000000000000520       0x2c /usr/local/gcc-arm-none-eabi-4_9-2015q2/bin/../lib/gcc/arm-none-eabi/4.9.3/../../../../arm-none-eabi/lib/armv6-m/libc_nano.a(lib_a-makebuf.o)
 .ARM.attributes
                0x000000000000054c       0x2c /usr/local/gcc-arm-none-eabi-4_9-2015q2/bin/../lib/gcc/arm-none-eabi/4.9.3/../../../../arm-none-eabi/lib/armv6-m/libc_nano.a(lib_a-memchr.o)
 .ARM.attributes
                0x0000000000000578       0x2c /usr/local/gcc-arm-none-eabi-4_9-2015q2/bin/../lib/gcc/arm-none-eabi/4.9.3/../../../../arm-none-eabi/lib/armv6-m/libc_nano.a(lib_a-nano-freer.o)
 .ARM.attributes
                0x00000000000005a4       0x2c /usr/local/gcc-arm-none-eabi-4_9-2015q2/bin/../lib/gcc/arm-none-eabi/4.9.3/../../../../arm-none-eabi/lib/armv6-m/libc_nano.a(lib_a-readr.o)
 .ARM.attributes
                0x00000000000005d0       0x2c /usr/local/gcc-arm-none-eabi-4_9-2015q2/bin/../lib/gcc/arm-none-eabi/4.9.3/../../../../arm-none-eabi/lib/armv6-m/libc_nano.a(lib_a-reent.o)
 .ARM.attributes
                0x00000000000005fc       0x2c /usr/local/gcc-arm-none-eabi-4_9-2015q2/bin/../lib/gcc/arm-none-eabi/4.9.3/../../../../arm-none-eabi/lib/armv6-m/libc_nano.a(lib_a-fstatr.o)
 .ARM.attributes
                0x0000000000000628       0x2c /usr/local/gcc-arm-none-eabi-4_9-2015q2/bin/../lib/gcc/arm-none-eabi/4.9.3/../../../../arm-none-eabi/lib/armv6-m/libc_nano.a(lib_a-isattyr.o)
 .ARM.attributes
                0x0000000000000654       0x1e /usr/local/gcc-arm-none-eabi-4_9-2015q2/bin/../lib/gcc/arm-none-eabi/4.9.3/armv6-m/libgcc.a(_udivsi3.o)
 .ARM.attributes
                0x0000000000000672       0x1e /usr/local/gcc-arm-none-eabi-4_9-2015q2/bin/../lib/gcc/arm-none-eabi/4.9.3/armv6-m/libgcc.a(_dvmd_tls.o)
 .ARM.attributes
                0x0000000000000690       0x1e /usr/local/gcc-arm-none-eabi-4_9-2015q2/bin/../lib/gcc/arm-none-eabi/4.9.3/armv6-m/crtn.o
 .ARM.attributes
                0x00000000000006ae       0x2c /usr/local/gcc-arm-none-eabi-4_9-2015q2/bin/../lib/gcc/arm-none-eabi/4.9.3/../../../../arm-none-eabi/lib/armv6-m/libnosys.a(close.o)
 .ARM.attributes
                0x00000000000006da       0x2c /usr/local/gcc-arm-none-eabi-4_9-2015q2/bin/../lib/gcc/arm-none-eabi/4.9.3/../../../../arm-none-eabi/lib/armv6-m/libnosys.a(fstat.o)
 .ARM.attributes
                0x0000000000000706       0x2c /usr/local/gcc-arm-none-eabi-4_9-2015q2/bin/../lib/gcc/arm-none-eabi/4.9.3/../../../../arm-none-eabi/lib/armv6-m/libnosys.a(isatty.o)
 .ARM.attributes
                0x0000000000000732       0x2c /usr/local/gcc-arm-none-eabi-4_9-2015q2/bin/../lib/gcc/arm-none-eabi/4.9.3/../../../../arm-none-eabi/lib/armv6-m/libnosys.a(lseek.o)
 .ARM.attributes
                0x000000000000075e       0x2c /usr/local/gcc-arm-none-eabi-4_9-2015q2/bin/../lib/gcc/arm-none-eabi/4.9.3/../../../../arm-none-eabi/lib/armv6-m/libnosys.a(sbrk.o)

.comment        0x0000000000000000       0x70
 .comment       0x0000000000000000       0x70 _build/system_nrf51.o
                                         0x71 (size before relaxing)
 .comment       0x0000000000000000       0x71 _build/main.o
 .comment       0x0000000000000000       0x71 _build/app_error.o
 .comment       0x0000000000000000       0x71 _build/app_fifo.o
 .comment       0x0000000000000000       0x71 _build/retarget.o
 .comment       0x0000000000000000       0x71 _build/app_uart_fifo.o
 .comment       0x0000000000000000       0x71 _build/nrf_drv_common.o
 .comment       0x0000000000000000       0x71 _build/nrf_drv_gpiote.o

.debug_frame    0x0000000000000000     0x15a8
 .debug_frame   0x0000000000000000       0x28 /usr/local/gcc-arm-none-eabi-4_9-2015q2/bin/../lib/gcc/arm-none-eabi/4.9.3/../../../../arm-none-eabi/lib/armv6-m/libc_nano.a(lib_a-exit.o)
 .debug_frame   0x0000000000000028       0x2c /usr/local/gcc-arm-none-eabi-4_9-2015q2/bin/../lib/gcc/arm-none-eabi/4.9.3/../../../../arm-none-eabi/lib/armv6-m/libc_nano.a(lib_a-init.o)
 .debug_frame   0x0000000000000054       0x20 /usr/local/gcc-arm-none-eabi-4_9-2015q2/bin/../lib/gcc/arm-none-eabi/4.9.3/../../../../arm-none-eabi/lib/armv6-m/libc_nano.a(lib_a-memset.o)
 .debug_frame   0x0000000000000074       0x20 /usr/local/gcc-arm-none-eabi-4_9-2015q2/bin/../lib/gcc/arm-none-eabi/4.9.3/../../../../arm-none-eabi/lib/armv6-m/libnosys.a(_exit.o)
 .debug_frame   0x0000000000000094       0x80 _build/system_nrf51.o
 .debug_frame   0x0000000000000114       0x90 _build/main.o
 .debug_frame   0x00000000000001a4       0x4c _build/app_error.o
 .debug_frame   0x00000000000001f0       0xb0 _build/app_fifo.o
 .debug_frame   0x00000000000002a0       0x50 _build/retarget.o
 .debug_frame   0x00000000000002f0      0x334 _build/app_uart_fifo.o
 .debug_frame   0x0000000000000624       0x94 _build/nrf_drv_common.o
 .debug_frame   0x00000000000006b8      0x7c8 _build/nrf_drv_gpiote.o
 .debug_frame   0x0000000000000e80       0x50 /usr/local/gcc-arm-none-eabi-4_9-2015q2/bin/../lib/gcc/arm-none-eabi/4.9.3/../../../../arm-none-eabi/lib/armv6-m/libc_nano.a(lib_a-printf.o)
 .debug_frame   0x0000000000000ed0      0x140 /usr/local/gcc-arm-none-eabi-4_9-2015q2/bin/../lib/gcc/arm-none-eabi/4.9.3/../../../../arm-none-eabi/lib/armv6-m/libc_nano.a(lib_a-findfp.o)
 .debug_frame   0x0000000000001010       0x58 /usr/local/gcc-arm-none-eabi-4_9-2015q2/bin/../lib/gcc/arm-none-eabi/4.9.3/../../../../arm-none-eabi/lib/armv6-m/libc_nano.a(lib_a-fwalk.o)
 .debug_frame   0x0000000000001068       0x2c /usr/local/gcc-arm-none-eabi-4_9-2015q2/bin/../lib/gcc/arm-none-eabi/4.9.3/../../../../arm-none-eabi/lib/armv6-m/libc_nano.a(lib_a-nano-mallocr.o)
 .debug_frame   0x0000000000001094       0xa0 /usr/local/gcc-arm-none-eabi-4_9-2015q2/bin/../lib/gcc/arm-none-eabi/4.9.3/../../../../arm-none-eabi/lib/armv6-m/libc_nano.a(lib_a-nano-vfprintf.o)
 .debug_frame   0x0000000000001134       0x54 /usr/local/gcc-arm-none-eabi-4_9-2015q2/bin/../lib/gcc/arm-none-eabi/4.9.3/../../../../arm-none-eabi/lib/armv6-m/libc_nano.a(lib_a-nano-vfprintf_i.o)
 .debug_frame   0x0000000000001188       0x2c /usr/local/gcc-arm-none-eabi-4_9-2015q2/bin/../lib/gcc/arm-none-eabi/4.9.3/../../../../arm-none-eabi/lib/armv6-m/libc_nano.a(lib_a-sbrkr.o)
 .debug_frame   0x00000000000011b4       0x90 /usr/local/gcc-arm-none-eabi-4_9-2015q2/bin/../lib/gcc/arm-none-eabi/4.9.3/../../../../arm-none-eabi/lib/armv6-m/libc_nano.a(lib_a-stdio.o)
 .debug_frame   0x0000000000001244       0x44 /usr/local/gcc-arm-none-eabi-4_9-2015q2/bin/../lib/gcc/arm-none-eabi/4.9.3/../../../../arm-none-eabi/lib/armv6-m/libc_nano.a(lib_a-wbuf.o)
 .debug_frame   0x0000000000001288       0x2c /usr/local/gcc-arm-none-eabi-4_9-2015q2/bin/../lib/gcc/arm-none-eabi/4.9.3/../../../../arm-none-eabi/lib/armv6-m/libc_nano.a(lib_a-writer.o)
 .debug_frame   0x00000000000012b4       0x2c /usr/local/gcc-arm-none-eabi-4_9-2015q2/bin/../lib/gcc/arm-none-eabi/4.9.3/../../../../arm-none-eabi/lib/armv6-m/libc_nano.a(lib_a-wsetup.o)
 .debug_frame   0x00000000000012e0       0x2c /usr/local/gcc-arm-none-eabi-4_9-2015q2/bin/../lib/gcc/arm-none-eabi/4.9.3/../../../../arm-none-eabi/lib/armv6-m/libc_nano.a(lib_a-closer.o)
 .debug_frame   0x000000000000130c       0x68 /usr/local/gcc-arm-none-eabi-4_9-2015q2/bin/../lib/gcc/arm-none-eabi/4.9.3/../../../../arm-none-eabi/lib/armv6-m/libc_nano.a(lib_a-fflush.o)
 .debug_frame   0x0000000000001374       0x2c /usr/local/gcc-arm-none-eabi-4_9-2015q2/bin/../lib/gcc/arm-none-eabi/4.9.3/../../../../arm-none-eabi/lib/armv6-m/libc_nano.a(lib_a-lseekr.o)
 .debug_frame   0x00000000000013a0       0x30 /usr/local/gcc-arm-none-eabi-4_9-2015q2/bin/../lib/gcc/arm-none-eabi/4.9.3/../../../../arm-none-eabi/lib/armv6-m/libc_nano.a(lib_a-makebuf.o)
 .debug_frame   0x00000000000013d0       0x20 /usr/local/gcc-arm-none-eabi-4_9-2015q2/bin/../lib/gcc/arm-none-eabi/4.9.3/../../../../arm-none-eabi/lib/armv6-m/libc_nano.a(lib_a-memchr.o)
 .debug_frame   0x00000000000013f0       0x2c /usr/local/gcc-arm-none-eabi-4_9-2015q2/bin/../lib/gcc/arm-none-eabi/4.9.3/../../../../arm-none-eabi/lib/armv6-m/libc_nano.a(lib_a-nano-freer.o)
 .debug_frame   0x000000000000141c       0x2c /usr/local/gcc-arm-none-eabi-4_9-2015q2/bin/../lib/gcc/arm-none-eabi/4.9.3/../../../../arm-none-eabi/lib/armv6-m/libc_nano.a(lib_a-readr.o)
 .debug_frame   0x0000000000001448       0x48 /usr/local/gcc-arm-none-eabi-4_9-2015q2/bin/../lib/gcc/arm-none-eabi/4.9.3/../../../../arm-none-eabi/lib/armv6-m/libc_nano.a(lib_a-reent.o)
 .debug_frame   0x0000000000001490       0x2c /usr/local/gcc-arm-none-eabi-4_9-2015q2/bin/../lib/gcc/arm-none-eabi/4.9.3/../../../../arm-none-eabi/lib/armv6-m/libc_nano.a(lib_a-fstatr.o)
 .debug_frame   0x00000000000014bc       0x2c /usr/local/gcc-arm-none-eabi-4_9-2015q2/bin/../lib/gcc/arm-none-eabi/4.9.3/../../../../arm-none-eabi/lib/armv6-m/libc_nano.a(lib_a-isattyr.o)
 .debug_frame   0x00000000000014e8       0x20 /usr/local/gcc-arm-none-eabi-4_9-2015q2/bin/../lib/gcc/arm-none-eabi/4.9.3/armv6-m/libgcc.a(_udivsi3.o)
 .debug_frame   0x0000000000001508       0x20 /usr/local/gcc-arm-none-eabi-4_9-2015q2/bin/../lib/gcc/arm-none-eabi/4.9.3/../../../../arm-none-eabi/lib/armv6-m/libnosys.a(close.o)
 .debug_frame   0x0000000000001528       0x20 /usr/local/gcc-arm-none-eabi-4_9-2015q2/bin/../lib/gcc/arm-none-eabi/4.9.3/../../../../arm-none-eabi/lib/armv6-m/libnosys.a(fstat.o)
 .debug_frame   0x0000000000001548       0x20 /usr/local/gcc-arm-none-eabi-4_9-2015q2/bin/../lib/gcc/arm-none-eabi/4.9.3/../../../../arm-none-eabi/lib/armv6-m/libnosys.a(isatty.o)
 .debug_frame   0x0000000000001568       0x20 /usr/local/gcc-arm-none-eabi-4_9-2015q2/bin/../lib/gcc/arm-none-eabi/4.9.3/../../../../arm-none-eabi/lib/armv6-m/libnosys.a(lseek.o)
 .debug_frame   0x0000000000001588       0x20 /usr/local/gcc-arm-none-eabi-4_9-2015q2/bin/../lib/gcc/arm-none-eabi/4.9.3/../../../../arm-none-eabi/lib/armv6-m/libnosys.a(sbrk.o)

.debug_info     0x0000000000000000     0x395e
 .debug_info    0x0000000000000000      0x1a9 _build/system_nrf51.o
 .debug_info    0x00000000000001a9      0x3a7 _build/main.o
 .debug_info    0x0000000000000550      0x1d0 _build/app_error.o
 .debug_info    0x0000000000000720      0x217 _build/app_fifo.o
 .debug_info    0x0000000000000937      0x940 _build/retarget.o
 .debug_info    0x0000000000001277      0xf7c _build/app_uart_fifo.o
 .debug_info    0x00000000000021f3      0x3bf _build/nrf_drv_common.o
 .debug_info    0x00000000000025b2     0x13ac _build/nrf_drv_gpiote.o

.debug_abbrev   0x0000000000000000      0xc80
 .debug_abbrev  0x0000000000000000       0xef _build/system_nrf51.o
 .debug_abbrev  0x00000000000000ef      0x155 _build/main.o
 .debug_abbrev  0x0000000000000244       0xf5 _build/app_error.o
 .debug_abbrev  0x0000000000000339       0xeb _build/app_fifo.o
 .debug_abbrev  0x0000000000000424      0x1be _build/retarget.o
 .debug_abbrev  0x00000000000005e2      0x2b4 _build/app_uart_fifo.o
 .debug_abbrev  0x0000000000000896      0x11c _build/nrf_drv_common.o
 .debug_abbrev  0x00000000000009b2      0x2ce _build/nrf_drv_gpiote.o

.debug_aranges  0x0000000000000000      0x428
 .debug_aranges
                0x0000000000000000       0x38 _build/system_nrf51.o
 .debug_aranges
                0x0000000000000038       0x38 _build/main.o
 .debug_aranges
                0x0000000000000070       0x28 _build/app_error.o
 .debug_aranges
                0x0000000000000098       0x40 _build/app_fifo.o
 .debug_aranges
                0x00000000000000d8       0x28 _build/retarget.o
 .debug_aranges
                0x0000000000000100       0xe8 _build/app_uart_fifo.o
 .debug_aranges
                0x00000000000001e8       0x38 _build/nrf_drv_common.o
 .debug_aranges
                0x0000000000000220      0x208 _build/nrf_drv_gpiote.o

.debug_ranges   0x0000000000000000      0x3a8
 .debug_ranges  0x0000000000000000       0x28 _build/system_nrf51.o
 .debug_ranges  0x0000000000000028       0x28 _build/main.o
 .debug_ranges  0x0000000000000050       0x18 _build/app_error.o
 .debug_ranges  0x0000000000000068       0x30 _build/app_fifo.o
 .debug_ranges  0x0000000000000098       0x18 _build/retarget.o
 .debug_ranges  0x00000000000000b0       0xd8 _build/app_uart_fifo.o
 .debug_ranges  0x0000000000000188       0x28 _build/nrf_drv_common.o
 .debug_ranges  0x00000000000001b0      0x1f8 _build/nrf_drv_gpiote.o

.debug_line     0x0000000000000000     0x1ac0
 .debug_line    0x0000000000000000      0x1e4 _build/system_nrf51.o
 .debug_line    0x00000000000001e4      0x1f3 _build/main.o
 .debug_line    0x00000000000003d7      0x1c3 _build/app_error.o
 .debug_line    0x000000000000059a      0x198 _build/app_fifo.o
 .debug_line    0x0000000000000732      0x21a _build/retarget.o
 .debug_line    0x000000000000094c      0x5f3 _build/app_uart_fifo.o
 .debug_line    0x0000000000000f3f      0x216 _build/nrf_drv_common.o
 .debug_line    0x0000000000001155      0x96b _build/nrf_drv_gpiote.o

.debug_str      0x0000000000000000     0x1d3b
 .debug_str     0x0000000000000000      0x273 _build/system_nrf51.o
                                        0x2b0 (size before relaxing)
 .debug_str     0x0000000000000273      0x2ef _build/main.o
                                        0x4b3 (size before relaxing)
 .debug_str     0x0000000000000562       0xb1 _build/app_error.o
                                        0x26b (size before relaxing)
 .debug_str     0x0000000000000613       0xd5 _build/app_fifo.o
                                        0x297 (size before relaxing)
 .debug_str     0x00000000000006e8      0x3f1 _build/retarget.o
                                        0x608 (size before relaxing)
 .debug_str     0x0000000000000ad9      0x8b0 _build/app_uart_fifo.o
                                        0xd62 (size before relaxing)
 .debug_str     0x0000000000001389       0x76 _build/nrf_drv_common.o
                                        0x452 (size before relaxing)
 .debug_str     0x00000000000013ff      0x93c _build/nrf_drv_gpiote.o
                                        0xf58 (size before relaxing)

.stab           0x0000000000000000       0x6c
 .stab          0x0000000000000000       0x24 /usr/local/gcc-arm-none-eabi-4_9-2015q2/bin/../lib/gcc/arm-none-eabi/4.9.3/../../../../arm-none-eabi/lib/armv6-m/libnosys.a(close.o)
 .stab          0x0000000000000024       0x18 /usr/local/gcc-arm-none-eabi-4_9-2015q2/bin/../lib/gcc/arm-none-eabi/4.9.3/../../../../arm-none-eabi/lib/armv6-m/libnosys.a(fstat.o)
                                         0x24 (size before relaxing)
 .stab          0x000000000000003c       0x18 /usr/local/gcc-arm-none-eabi-4_9-2015q2/bin/../lib/gcc/arm-none-eabi/4.9.3/../../../../arm-none-eabi/lib/armv6-m/libnosys.a(isatty.o)
                                         0x24 (size before relaxing)
 .stab          0x0000000000000054       0x18 /usr/local/gcc-arm-none-eabi-4_9-2015q2/bin/../lib/gcc/arm-none-eabi/4.9.3/../../../../arm-none-eabi/lib/armv6-m/libnosys.a(lseek.o)
                                         0x24 (size before relaxing)

.stabstr        0x0000000000000000       0xe3
 .stabstr       0x0000000000000000       0xe3 /usr/local/gcc-arm-none-eabi-4_9-2015q2/bin/../lib/gcc/arm-none-eabi/4.9.3/../../../../arm-none-eabi/lib/armv6-m/libnosys.a(close.o)
