Archive member included because of file (symbol)

/usr/local/gcc-arm-none-eabi-4_9-2015q2/bin/../lib/gcc/arm-none-eabi/4.9.3/../../../../arm-none-eabi/lib/armv6-m/libc_nano.a(lib_a-exit.o)
                              /usr/local/gcc-arm-none-eabi-4_9-2015q2/bin/../lib/gcc/arm-none-eabi/4.9.3/../../../../arm-none-eabi/lib/armv6-m/crt0.o (exit)
/usr/local/gcc-arm-none-eabi-4_9-2015q2/bin/../lib/gcc/arm-none-eabi/4.9.3/../../../../arm-none-eabi/lib/armv6-m/libc_nano.a(lib_a-impure.o)
                              /usr/local/gcc-arm-none-eabi-4_9-2015q2/bin/../lib/gcc/arm-none-eabi/4.9.3/../../../../arm-none-eabi/lib/armv6-m/libc_nano.a(lib_a-exit.o) (_global_impure_ptr)
/usr/local/gcc-arm-none-eabi-4_9-2015q2/bin/../lib/gcc/arm-none-eabi/4.9.3/../../../../arm-none-eabi/lib/armv6-m/libc_nano.a(lib_a-init.o)
                              /usr/local/gcc-arm-none-eabi-4_9-2015q2/bin/../lib/gcc/arm-none-eabi/4.9.3/../../../../arm-none-eabi/lib/armv6-m/crt0.o (__libc_init_array)
/usr/local/gcc-arm-none-eabi-4_9-2015q2/bin/../lib/gcc/arm-none-eabi/4.9.3/../../../../arm-none-eabi/lib/armv6-m/libc_nano.a(lib_a-memset.o)
                              /usr/local/gcc-arm-none-eabi-4_9-2015q2/bin/../lib/gcc/arm-none-eabi/4.9.3/../../../../arm-none-eabi/lib/armv6-m/crt0.o (memset)
/usr/local/gcc-arm-none-eabi-4_9-2015q2/bin/../lib/gcc/arm-none-eabi/4.9.3/../../../../arm-none-eabi/lib/armv6-m/libnosys.a(_exit.o)
                              /usr/local/gcc-arm-none-eabi-4_9-2015q2/bin/../lib/gcc/arm-none-eabi/4.9.3/../../../../arm-none-eabi/lib/armv6-m/libc_nano.a(lib_a-exit.o) (_exit)
/usr/local/gcc-arm-none-eabi-4_9-2015q2/bin/../lib/gcc/arm-none-eabi/4.9.3/../../../../arm-none-eabi/lib/armv6-m/libc_nano.a(lib_a-strstr.o)
                              _build/api.o (strstr)

Allocating common symbols
Common symbol       size              file

__stdin             0x68              _build/retarget.o
__stdout            0x68              _build/retarget.o

Discarded input sections

 .text          0x0000000000000000        0x0 /usr/local/gcc-arm-none-eabi-4_9-2015q2/bin/../lib/gcc/arm-none-eabi/4.9.3/armv6-m/crti.o
 .data          0x0000000000000000        0x0 /usr/local/gcc-arm-none-eabi-4_9-2015q2/bin/../lib/gcc/arm-none-eabi/4.9.3/armv6-m/crti.o
 .bss           0x0000000000000000        0x0 /usr/local/gcc-arm-none-eabi-4_9-2015q2/bin/../lib/gcc/arm-none-eabi/4.9.3/armv6-m/crti.o
 .text          0x0000000000000000       0x60 /usr/local/gcc-arm-none-eabi-4_9-2015q2/bin/../lib/gcc/arm-none-eabi/4.9.3/armv6-m/crtbegin.o
 .data          0x0000000000000000        0x4 /usr/local/gcc-arm-none-eabi-4_9-2015q2/bin/../lib/gcc/arm-none-eabi/4.9.3/armv6-m/crtbegin.o
 .bss           0x0000000000000000       0x1c /usr/local/gcc-arm-none-eabi-4_9-2015q2/bin/../lib/gcc/arm-none-eabi/4.9.3/armv6-m/crtbegin.o
 .init_array    0x0000000000000000        0x4 /usr/local/gcc-arm-none-eabi-4_9-2015q2/bin/../lib/gcc/arm-none-eabi/4.9.3/armv6-m/crtbegin.o
 .fini_array    0x0000000000000000        0x4 /usr/local/gcc-arm-none-eabi-4_9-2015q2/bin/../lib/gcc/arm-none-eabi/4.9.3/armv6-m/crtbegin.o
 .eh_frame      0x0000000000000000        0x0 /usr/local/gcc-arm-none-eabi-4_9-2015q2/bin/../lib/gcc/arm-none-eabi/4.9.3/armv6-m/crtbegin.o
 .jcr           0x0000000000000000        0x0 /usr/local/gcc-arm-none-eabi-4_9-2015q2/bin/../lib/gcc/arm-none-eabi/4.9.3/armv6-m/crtbegin.o
 .ARM.attributes
                0x0000000000000000       0x2c /usr/local/gcc-arm-none-eabi-4_9-2015q2/bin/../lib/gcc/arm-none-eabi/4.9.3/armv6-m/crtbegin.o
 .data          0x0000000000000000        0x0 /usr/local/gcc-arm-none-eabi-4_9-2015q2/bin/../lib/gcc/arm-none-eabi/4.9.3/../../../../arm-none-eabi/lib/armv6-m/crt0.o
 .bss           0x0000000000000000        0x0 /usr/local/gcc-arm-none-eabi-4_9-2015q2/bin/../lib/gcc/arm-none-eabi/4.9.3/../../../../arm-none-eabi/lib/armv6-m/crt0.o
 .ARM.extab     0x0000000000000000        0x0 /usr/local/gcc-arm-none-eabi-4_9-2015q2/bin/../lib/gcc/arm-none-eabi/4.9.3/../../../../arm-none-eabi/lib/armv6-m/crt0.o
 .text          0x0000000000000000        0x0 /usr/local/gcc-arm-none-eabi-4_9-2015q2/bin/../lib/gcc/arm-none-eabi/4.9.3/../../../../arm-none-eabi/lib/armv6-m/libc_nano.a(lib_a-exit.o)
 .data          0x0000000000000000        0x0 /usr/local/gcc-arm-none-eabi-4_9-2015q2/bin/../lib/gcc/arm-none-eabi/4.9.3/../../../../arm-none-eabi/lib/armv6-m/libc_nano.a(lib_a-exit.o)
 .bss           0x0000000000000000        0x0 /usr/local/gcc-arm-none-eabi-4_9-2015q2/bin/../lib/gcc/arm-none-eabi/4.9.3/../../../../arm-none-eabi/lib/armv6-m/libc_nano.a(lib_a-exit.o)
 .text          0x0000000000000000        0x0 /usr/local/gcc-arm-none-eabi-4_9-2015q2/bin/../lib/gcc/arm-none-eabi/4.9.3/../../../../arm-none-eabi/lib/armv6-m/libc_nano.a(lib_a-impure.o)
 .data          0x0000000000000000        0x0 /usr/local/gcc-arm-none-eabi-4_9-2015q2/bin/../lib/gcc/arm-none-eabi/4.9.3/../../../../arm-none-eabi/lib/armv6-m/libc_nano.a(lib_a-impure.o)
 .bss           0x0000000000000000        0x0 /usr/local/gcc-arm-none-eabi-4_9-2015q2/bin/../lib/gcc/arm-none-eabi/4.9.3/../../../../arm-none-eabi/lib/armv6-m/libc_nano.a(lib_a-impure.o)
 .data._impure_ptr
                0x0000000000000000        0x4 /usr/local/gcc-arm-none-eabi-4_9-2015q2/bin/../lib/gcc/arm-none-eabi/4.9.3/../../../../arm-none-eabi/lib/armv6-m/libc_nano.a(lib_a-impure.o)
 .text          0x0000000000000000        0x0 /usr/local/gcc-arm-none-eabi-4_9-2015q2/bin/../lib/gcc/arm-none-eabi/4.9.3/../../../../arm-none-eabi/lib/armv6-m/libc_nano.a(lib_a-init.o)
 .data          0x0000000000000000        0x0 /usr/local/gcc-arm-none-eabi-4_9-2015q2/bin/../lib/gcc/arm-none-eabi/4.9.3/../../../../arm-none-eabi/lib/armv6-m/libc_nano.a(lib_a-init.o)
 .bss           0x0000000000000000        0x0 /usr/local/gcc-arm-none-eabi-4_9-2015q2/bin/../lib/gcc/arm-none-eabi/4.9.3/../../../../arm-none-eabi/lib/armv6-m/libc_nano.a(lib_a-init.o)
 .text          0x0000000000000000        0x0 /usr/local/gcc-arm-none-eabi-4_9-2015q2/bin/../lib/gcc/arm-none-eabi/4.9.3/../../../../arm-none-eabi/lib/armv6-m/libc_nano.a(lib_a-memset.o)
 .data          0x0000000000000000        0x0 /usr/local/gcc-arm-none-eabi-4_9-2015q2/bin/../lib/gcc/arm-none-eabi/4.9.3/../../../../arm-none-eabi/lib/armv6-m/libc_nano.a(lib_a-memset.o)
 .bss           0x0000000000000000        0x0 /usr/local/gcc-arm-none-eabi-4_9-2015q2/bin/../lib/gcc/arm-none-eabi/4.9.3/../../../../arm-none-eabi/lib/armv6-m/libc_nano.a(lib_a-memset.o)
 .text          0x0000000000000000        0x0 /usr/local/gcc-arm-none-eabi-4_9-2015q2/bin/../lib/gcc/arm-none-eabi/4.9.3/../../../../arm-none-eabi/lib/armv6-m/libnosys.a(_exit.o)
 .data          0x0000000000000000        0x0 /usr/local/gcc-arm-none-eabi-4_9-2015q2/bin/../lib/gcc/arm-none-eabi/4.9.3/../../../../arm-none-eabi/lib/armv6-m/libnosys.a(_exit.o)
 .bss           0x0000000000000000        0x0 /usr/local/gcc-arm-none-eabi-4_9-2015q2/bin/../lib/gcc/arm-none-eabi/4.9.3/../../../../arm-none-eabi/lib/armv6-m/libnosys.a(_exit.o)
 .text          0x0000000000000000        0x0 _build/system_nrf51.o
 .data          0x0000000000000000        0x0 _build/system_nrf51.o
 .bss           0x0000000000000000        0x0 _build/system_nrf51.o
 .data.SystemCoreClock
                0x0000000000000000        0x4 _build/system_nrf51.o
 .text.SystemCoreClockUpdate
                0x0000000000000000       0x18 _build/system_nrf51.o
 .text          0x0000000000000000        0x0 _build/main.o
 .data          0x0000000000000000        0x0 _build/main.o
 .bss           0x0000000000000000        0x0 _build/main.o
 .text          0x0000000000000000        0x0 _build/api.o
 .data          0x0000000000000000        0x0 _build/api.o
 .bss           0x0000000000000000        0x0 _build/api.o
 .text          0x0000000000000000        0x0 _build/app_error.o
 .data          0x0000000000000000        0x0 _build/app_error.o
 .bss           0x0000000000000000        0x0 _build/app_error.o
 .text          0x0000000000000000        0x0 _build/app_fifo.o
 .data          0x0000000000000000        0x0 _build/app_fifo.o
 .bss           0x0000000000000000        0x0 _build/app_fifo.o
 .text.app_fifo_flush
                0x0000000000000000       0x1c _build/app_fifo.o
 .text          0x0000000000000000        0x0 _build/app_util_platform.o
 .data          0x0000000000000000        0x0 _build/app_util_platform.o
 .bss           0x0000000000000000        0x0 _build/app_util_platform.o
 .bss.m_in_critical_region
                0x0000000000000000        0x4 _build/app_util_platform.o
 .text.critical_region_enter
                0x0000000000000000       0x18 _build/app_util_platform.o
 .text.critical_region_exit
                0x0000000000000000       0x20 _build/app_util_platform.o
 .debug_info    0x0000000000000000       0xf2 _build/app_util_platform.o
 .debug_abbrev  0x0000000000000000       0x7c _build/app_util_platform.o
 .debug_aranges
                0x0000000000000000       0x28 _build/app_util_platform.o
 .debug_ranges  0x0000000000000000       0x18 _build/app_util_platform.o
 .debug_line    0x0000000000000000      0x1b4 _build/app_util_platform.o
 .debug_str     0x0000000000000000      0x23f _build/app_util_platform.o
 .comment       0x0000000000000000       0x71 _build/app_util_platform.o
 .debug_frame   0x0000000000000000       0x48 _build/app_util_platform.o
 .ARM.attributes
                0x0000000000000000       0x31 _build/app_util_platform.o
 .text          0x0000000000000000        0x0 _build/nrf_assert.o
 .data          0x0000000000000000        0x0 _build/nrf_assert.o
 .bss           0x0000000000000000        0x0 _build/nrf_assert.o
 .debug_info    0x0000000000000000       0x60 _build/nrf_assert.o
 .debug_abbrev  0x0000000000000000       0x24 _build/nrf_assert.o
 .debug_aranges
                0x0000000000000000       0x18 _build/nrf_assert.o
 .debug_line    0x0000000000000000       0x1d _build/nrf_assert.o
 .debug_str     0x0000000000000000      0x1c0 _build/nrf_assert.o
 .comment       0x0000000000000000       0x71 _build/nrf_assert.o
 .ARM.attributes
                0x0000000000000000       0x31 _build/nrf_assert.o
 .text          0x0000000000000000        0x0 _build/retarget.o
 .data          0x0000000000000000        0x0 _build/retarget.o
 .bss           0x0000000000000000        0x0 _build/retarget.o
 .text._write   0x0000000000000000       0x38 _build/retarget.o
 .text._read    0x0000000000000000       0x28 _build/retarget.o
 .debug_info    0x0000000000000000      0x940 _build/retarget.o
 .debug_abbrev  0x0000000000000000      0x1be _build/retarget.o
 .debug_aranges
                0x0000000000000000       0x28 _build/retarget.o
 .debug_ranges  0x0000000000000000       0x18 _build/retarget.o
 .debug_line    0x0000000000000000      0x21a _build/retarget.o
 .debug_str     0x0000000000000000      0x611 _build/retarget.o
 .comment       0x0000000000000000       0x71 _build/retarget.o
 .debug_frame   0x0000000000000000       0x50 _build/retarget.o
 .ARM.attributes
                0x0000000000000000       0x31 _build/retarget.o
 COMMON         0x0000000000000000       0xd0 _build/retarget.o
 .text          0x0000000000000000        0x0 _build/app_uart_fifo.o
 .data          0x0000000000000000        0x0 _build/app_uart_fifo.o
 .bss           0x0000000000000000        0x0 _build/app_uart_fifo.o
 .text.app_uart_flush
                0x0000000000000000       0x44 _build/app_uart_fifo.o
 .text.app_uart_get_connection_state
                0x0000000000000000       0x28 _build/app_uart_fifo.o
 .text.app_uart_close
                0x0000000000000000       0x40 _build/app_uart_fifo.o
 .text          0x0000000000000000        0x0 _build/nrf_delay.o
 .data          0x0000000000000000        0x0 _build/nrf_delay.o
 .bss           0x0000000000000000        0x0 _build/nrf_delay.o
 .text.nrf_delay_ms
                0x0000000000000000       0x44 _build/nrf_delay.o
 .debug_info    0x0000000000000000      0x101 _build/nrf_delay.o
 .debug_abbrev  0x0000000000000000       0xba _build/nrf_delay.o
 .debug_aranges
                0x0000000000000000       0x20 _build/nrf_delay.o
 .debug_ranges  0x0000000000000000       0x10 _build/nrf_delay.o
 .debug_line    0x0000000000000000      0x149 _build/nrf_delay.o
 .debug_str     0x0000000000000000      0x271 _build/nrf_delay.o
 .comment       0x0000000000000000       0x71 _build/nrf_delay.o
 .debug_frame   0x0000000000000000       0x30 _build/nrf_delay.o
 .ARM.attributes
                0x0000000000000000       0x31 _build/nrf_delay.o
 .text          0x0000000000000000        0x0 _build/nrf_drv_common.o
 .data          0x0000000000000000        0x0 _build/nrf_drv_common.o
 .bss           0x0000000000000000        0x0 _build/nrf_drv_common.o
 .text          0x0000000000000000        0x0 _build/nrf_drv_gpiote.o
 .data          0x0000000000000000        0x0 _build/nrf_drv_gpiote.o
 .bss           0x0000000000000000        0x0 _build/nrf_drv_gpiote.o
 .text.nrf_gpiote_task_set
                0x0000000000000000       0x24 _build/nrf_drv_gpiote.o
 .text.nrf_gpiote_task_addr_get
                0x0000000000000000       0x24 _build/nrf_drv_gpiote.o
 .text.nrf_gpiote_int_disable
                0x0000000000000000       0x1c _build/nrf_drv_gpiote.o
 .text.nrf_gpiote_event_disable
                0x0000000000000000       0x30 _build/nrf_drv_gpiote.o
 .text.nrf_gpiote_task_enable
                0x0000000000000000       0x4c _build/nrf_drv_gpiote.o
 .text.nrf_gpiote_task_disable
                0x0000000000000000       0x30 _build/nrf_drv_gpiote.o
 .text.nrf_gpiote_task_force
                0x0000000000000000       0x60 _build/nrf_drv_gpiote.o
 .text.nrf_gpiote_te_default
                0x0000000000000000       0x20 _build/nrf_drv_gpiote.o
 .text.nrf_gpio_cfg_default
                0x0000000000000000       0x20 _build/nrf_drv_gpiote.o
 .text.nrf_gpio_input_disconnect
                0x0000000000000000       0x38 _build/nrf_drv_gpiote.o
 .text.nrf_gpio_pin_toggle
                0x0000000000000000       0x54 _build/nrf_drv_gpiote.o
 .text.pin_in_use_as_non_task_out
                0x0000000000000000       0x28 _build/nrf_drv_gpiote.o
 .text.nrf_drv_gpiote_uninit
                0x0000000000000000       0x54 _build/nrf_drv_gpiote.o
 .text.nrf_drv_gpiote_out_uninit
                0x0000000000000000       0x40 _build/nrf_drv_gpiote.o
 .text.nrf_drv_gpiote_out_set
                0x0000000000000000       0x18 _build/nrf_drv_gpiote.o
 .text.nrf_drv_gpiote_out_clear
                0x0000000000000000       0x18 _build/nrf_drv_gpiote.o
 .text.nrf_drv_gpiote_out_toggle
                0x0000000000000000       0x18 _build/nrf_drv_gpiote.o
 .text.nrf_drv_gpiote_out_task_enable
                0x0000000000000000       0x24 _build/nrf_drv_gpiote.o
 .text.nrf_drv_gpiote_out_task_disable
                0x0000000000000000       0x24 _build/nrf_drv_gpiote.o
 .text.nrf_drv_gpiote_out_task_addr_get
                0x0000000000000000       0x34 _build/nrf_drv_gpiote.o
 .text.nrf_drv_gpiote_out_task_force
                0x0000000000000000       0x44 _build/nrf_drv_gpiote.o
 .text.nrf_drv_gpiote_out_task_trigger
                0x0000000000000000       0x30 _build/nrf_drv_gpiote.o
 .text.nrf_drv_gpiote_in_event_disable
                0x0000000000000000       0x54 _build/nrf_drv_gpiote.o
 .text.nrf_drv_gpiote_in_uninit
                0x0000000000000000       0x54 _build/nrf_drv_gpiote.o
 .text.nrf_drv_gpiote_in_event_addr_get
                0x0000000000000000       0x38 _build/nrf_drv_gpiote.o
 .data          0x0000000000000000        0x0 _build/gcc_startup_nrf51.o
 .bss           0x0000000000000000        0x0 _build/gcc_startup_nrf51.o
 .ARM.extab     0x0000000000000000        0x0 _build/gcc_startup_nrf51.o
 .text          0x0000000000000000        0x0 /usr/local/gcc-arm-none-eabi-4_9-2015q2/bin/../lib/gcc/arm-none-eabi/4.9.3/../../../../arm-none-eabi/lib/armv6-m/libc_nano.a(lib_a-strstr.o)
 .data          0x0000000000000000        0x0 /usr/local/gcc-arm-none-eabi-4_9-2015q2/bin/../lib/gcc/arm-none-eabi/4.9.3/../../../../arm-none-eabi/lib/armv6-m/libc_nano.a(lib_a-strstr.o)
 .bss           0x0000000000000000        0x0 /usr/local/gcc-arm-none-eabi-4_9-2015q2/bin/../lib/gcc/arm-none-eabi/4.9.3/../../../../arm-none-eabi/lib/armv6-m/libc_nano.a(lib_a-strstr.o)
 .text          0x0000000000000000        0x0 /usr/local/gcc-arm-none-eabi-4_9-2015q2/bin/../lib/gcc/arm-none-eabi/4.9.3/armv6-m/crtend.o
 .data          0x0000000000000000        0x0 /usr/local/gcc-arm-none-eabi-4_9-2015q2/bin/../lib/gcc/arm-none-eabi/4.9.3/armv6-m/crtend.o
 .bss           0x0000000000000000        0x0 /usr/local/gcc-arm-none-eabi-4_9-2015q2/bin/../lib/gcc/arm-none-eabi/4.9.3/armv6-m/crtend.o
 .eh_frame      0x0000000000000000        0x4 /usr/local/gcc-arm-none-eabi-4_9-2015q2/bin/../lib/gcc/arm-none-eabi/4.9.3/armv6-m/crtend.o
 .jcr           0x0000000000000000        0x4 /usr/local/gcc-arm-none-eabi-4_9-2015q2/bin/../lib/gcc/arm-none-eabi/4.9.3/armv6-m/crtend.o
 .ARM.attributes
                0x0000000000000000       0x2c /usr/local/gcc-arm-none-eabi-4_9-2015q2/bin/../lib/gcc/arm-none-eabi/4.9.3/armv6-m/crtend.o
 .text          0x0000000000000000        0x0 /usr/local/gcc-arm-none-eabi-4_9-2015q2/bin/../lib/gcc/arm-none-eabi/4.9.3/armv6-m/crtn.o
 .data          0x0000000000000000        0x0 /usr/local/gcc-arm-none-eabi-4_9-2015q2/bin/../lib/gcc/arm-none-eabi/4.9.3/armv6-m/crtn.o
 .bss           0x0000000000000000        0x0 /usr/local/gcc-arm-none-eabi-4_9-2015q2/bin/../lib/gcc/arm-none-eabi/4.9.3/armv6-m/crtn.o

Memory Configuration

Name             Origin             Length             Attributes
FLASH            0x0000000000000000 0x0000000000040000 xr
RAM              0x0000000020000000 0x0000000000008000 xrw
*default*        0x0000000000000000 0xffffffffffffffff

Linker script and memory map

LOAD /usr/local/gcc-arm-none-eabi-4_9-2015q2/bin/../lib/gcc/arm-none-eabi/4.9.3/armv6-m/crti.o
LOAD /usr/local/gcc-arm-none-eabi-4_9-2015q2/bin/../lib/gcc/arm-none-eabi/4.9.3/armv6-m/crtbegin.o
LOAD /usr/local/gcc-arm-none-eabi-4_9-2015q2/bin/../lib/gcc/arm-none-eabi/4.9.3/../../../../arm-none-eabi/lib/armv6-m/crt0.o
LOAD /usr/local/gcc-arm-none-eabi-4_9-2015q2/bin/../lib/gcc/arm-none-eabi/4.9.3/../../../../arm-none-eabi/lib/armv6-m/libc_nano.a
LOAD /usr/local/gcc-arm-none-eabi-4_9-2015q2/bin/../lib/gcc/arm-none-eabi/4.9.3/../../../../arm-none-eabi/lib/armv6-m/libnosys.a
LOAD _build/system_nrf51.o
LOAD _build/main.o
LOAD _build/api.o
LOAD _build/app_error.o
LOAD _build/app_fifo.o
LOAD _build/app_util_platform.o
LOAD _build/nrf_assert.o
LOAD _build/retarget.o
LOAD _build/app_uart_fifo.o
LOAD _build/nrf_delay.o
LOAD _build/nrf_drv_common.o
LOAD _build/nrf_drv_gpiote.o
LOAD _build/gcc_startup_nrf51.o
START GROUP
LOAD /usr/local/gcc-arm-none-eabi-4_9-2015q2/bin/../lib/gcc/arm-none-eabi/4.9.3/armv6-m/libgcc.a
LOAD /usr/local/gcc-arm-none-eabi-4_9-2015q2/bin/../lib/gcc/arm-none-eabi/4.9.3/../../../../arm-none-eabi/lib/armv6-m/libc_nano.a
END GROUP
START GROUP
LOAD /usr/local/gcc-arm-none-eabi-4_9-2015q2/bin/../lib/gcc/arm-none-eabi/4.9.3/armv6-m/libgcc.a
LOAD /usr/local/gcc-arm-none-eabi-4_9-2015q2/bin/../lib/gcc/arm-none-eabi/4.9.3/../../../../arm-none-eabi/lib/armv6-m/libc_nano.a
END GROUP
LOAD /usr/local/gcc-arm-none-eabi-4_9-2015q2/bin/../lib/gcc/arm-none-eabi/4.9.3/armv6-m/crtend.o
LOAD /usr/local/gcc-arm-none-eabi-4_9-2015q2/bin/../lib/gcc/arm-none-eabi/4.9.3/armv6-m/crtn.o
START GROUP
LOAD /usr/local/gcc-arm-none-eabi-4_9-2015q2/bin/../lib/gcc/arm-none-eabi/4.9.3/armv6-m/libgcc.a
LOAD /usr/local/gcc-arm-none-eabi-4_9-2015q2/bin/../lib/gcc/arm-none-eabi/4.9.3/../../../../arm-none-eabi/lib/armv6-m/libc.a
LOAD /usr/local/gcc-arm-none-eabi-4_9-2015q2/bin/../lib/gcc/arm-none-eabi/4.9.3/../../../../arm-none-eabi/lib/armv6-m/libnosys.a
END GROUP

.text           0x0000000000000000     0x1c90
 *(.Vectors)
 .Vectors       0x0000000000000000       0xc0 _build/gcc_startup_nrf51.o
                0x0000000000000000                __Vectors
 *(.text*)
 .text          0x00000000000000c0       0x78 /usr/local/gcc-arm-none-eabi-4_9-2015q2/bin/../lib/gcc/arm-none-eabi/4.9.3/../../../../arm-none-eabi/lib/armv6-m/crt0.o
                0x00000000000000c0                _mainCRTStartup
                0x00000000000000c0                _start
 .text.exit     0x0000000000000138       0x2c /usr/local/gcc-arm-none-eabi-4_9-2015q2/bin/../lib/gcc/arm-none-eabi/4.9.3/../../../../arm-none-eabi/lib/armv6-m/libc_nano.a(lib_a-exit.o)
                0x0000000000000138                exit
 .text.__libc_init_array
                0x0000000000000164       0x4c /usr/local/gcc-arm-none-eabi-4_9-2015q2/bin/../lib/gcc/arm-none-eabi/4.9.3/../../../../arm-none-eabi/lib/armv6-m/libc_nano.a(lib_a-init.o)
                0x0000000000000164                __libc_init_array
 .text.memset   0x00000000000001b0       0x10 /usr/local/gcc-arm-none-eabi-4_9-2015q2/bin/../lib/gcc/arm-none-eabi/4.9.3/../../../../arm-none-eabi/lib/armv6-m/libc_nano.a(lib_a-memset.o)
                0x00000000000001b0                memset
 .text._exit    0x00000000000001c0        0x4 /usr/local/gcc-arm-none-eabi-4_9-2015q2/bin/../lib/gcc/arm-none-eabi/4.9.3/../../../../arm-none-eabi/lib/armv6-m/libnosys.a(_exit.o)
                0x00000000000001c0                _exit
 .text.SystemInit
                0x00000000000001c4       0x40 _build/system_nrf51.o
                0x00000000000001c4                SystemInit
 .text.is_manual_peripheral_setup_needed
                0x0000000000000204       0x80 _build/system_nrf51.o
 .text.is_disabled_in_debug_needed
                0x0000000000000284       0x4c _build/system_nrf51.o
 .text.nrf_gpio_cfg_output
                0x00000000000002d0       0x20 _build/main.o
 .text.uart_error_handle
                0x00000000000002f0       0x3c _build/main.o
                0x00000000000002f0                uart_error_handle
 .text.setup_uart
                0x000000000000032c       0x78 _build/main.o
                0x000000000000032c                setup_uart
 .text.uart_read_byte
                0x00000000000003a4       0x20 _build/main.o
                0x00000000000003a4                uart_read_byte
 .text.init_leds
                0x00000000000003c4       0x14 _build/main.o
                0x00000000000003c4                init_leds
 .text.main     0x00000000000003d8       0xc0 _build/main.o
                0x00000000000003d8                main
 .text.nrf_gpio_pin_set
                0x0000000000000498       0x20 _build/api.o
 .text.nrf_gpio_pin_clear
                0x00000000000004b8       0x24 _build/api.o
 .text.nrf_gpio_pin_read
                0x00000000000004dc       0x24 _build/api.o
 .text.api_handler
                0x0000000000000500       0x88 _build/api.o
                0x0000000000000500                api_handler
 .text.NVIC_SystemReset
                0x0000000000000588       0x1c _build/app_error.o
 .text.app_error_handler
                0x00000000000005a4       0x18 _build/app_error.o
                0x00000000000005a4                app_error_handler
 .text.fifo_length
                0x00000000000005bc       0x20 _build/app_fifo.o
 .text.app_fifo_init
                0x00000000000005dc       0x5c _build/app_fifo.o
                0x00000000000005dc                app_fifo_init
 .text.app_fifo_put
                0x0000000000000638       0x50 _build/app_fifo.o
                0x0000000000000638                app_fifo_put
 .text.app_fifo_get
                0x0000000000000688       0x44 _build/app_fifo.o
                0x0000000000000688                app_fifo_get
 .text.NVIC_EnableIRQ
                0x00000000000006cc       0x2c _build/app_uart_fifo.o
 .text.NVIC_ClearPendingIRQ
                0x00000000000006f8       0x30 _build/app_uart_fifo.o
 .text.NVIC_SetPriority
                0x0000000000000728       0xd4 _build/app_uart_fifo.o
 .text.nrf_gpio_cfg_output
                0x00000000000007fc       0x20 _build/app_uart_fifo.o
 .text.nrf_gpio_cfg_input
                0x000000000000081c       0x2c _build/app_uart_fifo.o
 .text.fifo_length
                0x0000000000000848       0x20 _build/app_uart_fifo.o
 .text.action_uart_deactivate
                0x0000000000000868       0x2c _build/app_uart_fifo.o
 .text.action_tx_stop
                0x0000000000000894       0x34 _build/app_uart_fifo.o
                0x0000000000000894                action_tx_stop
 .text.action_tx_send
                0x00000000000008c8       0x68 _build/app_uart_fifo.o
 .text.action_tx_ready
                0x0000000000000930       0x24 _build/app_uart_fifo.o
 .text.on_cts_high
                0x0000000000000954       0x2c _build/app_uart_fifo.o
 .text.on_cts_low
                0x0000000000000980       0x58 _build/app_uart_fifo.o
 .text.on_tx_ready
                0x00000000000009d8       0x30 _build/app_uart_fifo.o
 .text.on_uart_put
                0x0000000000000a08       0x1c _build/app_uart_fifo.o
 .text.on_uart_close
                0x0000000000000a24        0xc _build/app_uart_fifo.o
 .text.on_uart_event
                0x0000000000000a30       0x48 _build/app_uart_fifo.o
 .text.gpiote_uart_event_handler
                0x0000000000000a78       0x30 _build/app_uart_fifo.o
 .text.UART0_IRQHandler
                0x0000000000000aa8       0xe8 _build/app_uart_fifo.o
                0x0000000000000aa8                UART0_IRQHandler
 .text.uart_no_flow_control_init
                0x0000000000000b90       0x64 _build/app_uart_fifo.o
 .text.uart_standard_flow_control_init
                0x0000000000000bf4       0x6c _build/app_uart_fifo.o
 .text.app_uart_init
                0x0000000000000c60      0x260 _build/app_uart_fifo.o
                0x0000000000000c60                app_uart_init
 .text.app_uart_get
                0x0000000000000ec0       0x24 _build/app_uart_fifo.o
                0x0000000000000ec0                app_uart_get
 .text.app_uart_put
                0x0000000000000ee4       0x34 _build/app_uart_fifo.o
                0x0000000000000ee4                app_uart_put
 .text.NVIC_EnableIRQ
                0x0000000000000f18       0x2c _build/nrf_drv_common.o
 .text.NVIC_ClearPendingIRQ
                0x0000000000000f44       0x30 _build/nrf_drv_common.o
 .text.NVIC_SetPriority
                0x0000000000000f74       0xd4 _build/nrf_drv_common.o
 .text.nrf_drv_common_irq_enable
                0x0000000000001048       0x44 _build/nrf_drv_common.o
                0x0000000000001048                nrf_drv_common_irq_enable
 .text.nrf_gpiote_event_is_set
                0x000000000000108c       0x2c _build/nrf_drv_gpiote.o
 .text.nrf_gpiote_event_clear
                0x00000000000010b8       0x24 _build/nrf_drv_gpiote.o
 .text.nrf_gpiote_event_addr_get
                0x00000000000010dc       0x24 _build/nrf_drv_gpiote.o
 .text.nrf_gpiote_int_enable
                0x0000000000001100       0x1c _build/nrf_drv_gpiote.o
 .text.nrf_gpiote_int_is_enabled
                0x000000000000111c       0x20 _build/nrf_drv_gpiote.o
 .text.nrf_gpiote_event_enable
                0x000000000000113c       0x30 _build/nrf_drv_gpiote.o
 .text.nrf_gpiote_event_configure
                0x000000000000116c       0x6c _build/nrf_drv_gpiote.o
 .text.nrf_gpiote_event_pin_get
                0x00000000000011d8       0x28 _build/nrf_drv_gpiote.o
 .text.nrf_gpiote_event_polarity_get
                0x0000000000001200       0x2c _build/nrf_drv_gpiote.o
 .text.nrf_gpiote_task_configure
                0x000000000000122c       0x84 _build/nrf_drv_gpiote.o
 .text.nrf_gpio_cfg_output
                0x00000000000012b0       0x20 _build/nrf_drv_gpiote.o
 .text.nrf_gpio_cfg_input
                0x00000000000012d0       0x2c _build/nrf_drv_gpiote.o
 .text.nrf_gpio_cfg_watcher
                0x00000000000012fc       0x34 _build/nrf_drv_gpiote.o
 .text.nrf_gpio_cfg_sense_set
                0x0000000000001330       0x5c _build/nrf_drv_gpiote.o
 .text.nrf_gpio_pin_set
                0x000000000000138c       0x20 _build/nrf_drv_gpiote.o
 .text.nrf_gpio_pin_clear
                0x00000000000013ac       0x24 _build/nrf_drv_gpiote.o
 .text.nrf_gpio_pin_read
                0x00000000000013d0       0x24 _build/nrf_drv_gpiote.o
 .text.nrf_gpio_pins_read
                0x00000000000013f4       0x14 _build/nrf_drv_gpiote.o
 .text.nrf_gpio_pin_sense_get
                0x0000000000001408       0x28 _build/nrf_drv_gpiote.o
 .text.pin_in_use
                0x0000000000001430       0x28 _build/nrf_drv_gpiote.o
 .text.pin_in_use_by_te
                0x0000000000001458       0x44 _build/nrf_drv_gpiote.o
 .text.pin_in_use_by_port
                0x000000000000149c       0x2c _build/nrf_drv_gpiote.o
 .text.pin_in_use_by_gpiote
                0x00000000000014c8       0x28 _build/nrf_drv_gpiote.o
 .text.pin_in_use_by_te_set
                0x00000000000014f0       0x58 _build/nrf_drv_gpiote.o
 .text.pin_in_use_set
                0x0000000000001548       0x20 _build/nrf_drv_gpiote.o
 .text.pin_in_use_clear
                0x0000000000001568       0x20 _build/nrf_drv_gpiote.o
 .text.channel_port_get
                0x0000000000001588       0x20 _build/nrf_drv_gpiote.o
 .text.channel_handler_get
                0x00000000000015a8       0x1c _build/nrf_drv_gpiote.o
 .text.channel_port_alloc
                0x00000000000015c4       0x84 _build/nrf_drv_gpiote.o
 .text.channel_free
                0x0000000000001648       0x40 _build/nrf_drv_gpiote.o
 .text.nrf_drv_gpiote_init
                0x0000000000001688       0x84 _build/nrf_drv_gpiote.o
                0x0000000000001688                nrf_drv_gpiote_init
 .text.nrf_drv_gpiote_is_init
                0x000000000000170c       0x1c _build/nrf_drv_gpiote.o
                0x000000000000170c                nrf_drv_gpiote_is_init
 .text.nrf_drv_gpiote_out_init
                0x0000000000001728       0xa0 _build/nrf_drv_gpiote.o
                0x0000000000001728                nrf_drv_gpiote_out_init
 .text.nrf_drv_gpiote_in_init
                0x00000000000017c8       0xd4 _build/nrf_drv_gpiote.o
                0x00000000000017c8                nrf_drv_gpiote_in_init
 .text.nrf_drv_gpiote_in_event_enable
                0x000000000000189c      0x10c _build/nrf_drv_gpiote.o
                0x000000000000189c                nrf_drv_gpiote_in_event_enable
 .text.nrf_drv_gpiote_in_is_set
                0x00000000000019a8       0x20 _build/nrf_drv_gpiote.o
                0x00000000000019a8                nrf_drv_gpiote_in_is_set
 .text.GPIOTE_IRQHandler
                0x00000000000019c8      0x1e8 _build/nrf_drv_gpiote.o
                0x00000000000019c8                GPIOTE_IRQHandler
 .text          0x0000000000001bb0       0x54 _build/gcc_startup_nrf51.o
                0x0000000000001bb0                Reset_Handler
                0x0000000000001bf8                NMI_Handler
                0x0000000000001bfa                HardFault_Handler
                0x0000000000001bfc                SVC_Handler
                0x0000000000001bfe                PendSV_Handler
                0x0000000000001c00                SysTick_Handler
                0x0000000000001c02                SWI4_IRQHandler
                0x0000000000001c02                TEMP_IRQHandler
                0x0000000000001c02                QDEC_IRQHandler
                0x0000000000001c02                SWI5_IRQHandler
                0x0000000000001c02                TIMER0_IRQHandler
                0x0000000000001c02                SWI0_IRQHandler
                0x0000000000001c02                TIMER1_IRQHandler
                0x0000000000001c02                ECB_IRQHandler
                0x0000000000001c02                Default_Handler
                0x0000000000001c02                ADC_IRQHandler
                0x0000000000001c02                SWI3_IRQHandler
                0x0000000000001c02                CCM_AAR_IRQHandler
                0x0000000000001c02                WDT_IRQHandler
                0x0000000000001c02                SWI2_IRQHandler
                0x0000000000001c02                RNG_IRQHandler
                0x0000000000001c02                SPI1_TWI1_IRQHandler
                0x0000000000001c02                RTC1_IRQHandler
                0x0000000000001c02                TIMER2_IRQHandler
                0x0000000000001c02                SWI1_IRQHandler
                0x0000000000001c02                SPI0_TWI0_IRQHandler
                0x0000000000001c02                RTC0_IRQHandler
                0x0000000000001c02                POWER_CLOCK_IRQHandler
                0x0000000000001c02                RADIO_IRQHandler
                0x0000000000001c02                LPCOMP_IRQHandler
 .text.strstr   0x0000000000001c04       0x36 /usr/local/gcc-arm-none-eabi-4_9-2015q2/bin/../lib/gcc/arm-none-eabi/4.9.3/../../../../arm-none-eabi/lib/armv6-m/libc_nano.a(lib_a-strstr.o)
                0x0000000000001c04                strstr
 *(.init)
 *fill*         0x0000000000001c3a        0x2 
 .init          0x0000000000001c3c        0x4 /usr/local/gcc-arm-none-eabi-4_9-2015q2/bin/../lib/gcc/arm-none-eabi/4.9.3/armv6-m/crti.o
                0x0000000000001c3c                _init
 .init          0x0000000000001c40        0x8 /usr/local/gcc-arm-none-eabi-4_9-2015q2/bin/../lib/gcc/arm-none-eabi/4.9.3/armv6-m/crtn.o
 *(.fini)
 .fini          0x0000000000001c48        0x4 /usr/local/gcc-arm-none-eabi-4_9-2015q2/bin/../lib/gcc/arm-none-eabi/4.9.3/armv6-m/crti.o
                0x0000000000001c48                _fini
 .fini          0x0000000000001c4c        0x8 /usr/local/gcc-arm-none-eabi-4_9-2015q2/bin/../lib/gcc/arm-none-eabi/4.9.3/armv6-m/crtn.o
 *crtbegin.o(.ctors)
 *crtbegin?.o(.ctors)
 *(EXCLUDE_FILE(*crtend.o *crtend?.o) .ctors)
 *(SORT(.ctors.*))
 *(.ctors)
 *crtbegin.o(.dtors)
 *crtbegin?.o(.dtors)
 *(EXCLUDE_FILE(*crtend.o *crtend?.o) .dtors)
 *(SORT(.dtors.*))
 *(.dtors)
 *(.rodata*)
 .rodata.str1.1
                0x0000000000001c54        0x2 /usr/local/gcc-arm-none-eabi-4_9-2015q2/bin/../lib/gcc/arm-none-eabi/4.9.3/../../../../arm-none-eabi/lib/armv6-m/libc_nano.a(lib_a-impure.o)
 *fill*         0x0000000000001c56        0x2 
 .rodata._global_impure_ptr
                0x0000000000001c58        0x4 /usr/local/gcc-arm-none-eabi-4_9-2015q2/bin/../lib/gcc/arm-none-eabi/4.9.3/../../../../arm-none-eabi/lib/armv6-m/libc_nano.a(lib_a-impure.o)
                0x0000000000001c58                _global_impure_ptr
 .rodata        0x0000000000001c5c        0xc _build/main.o
 .rodata        0x0000000000001c68       0x13 _build/api.o
 *fill*         0x0000000000001c7b        0x1 
 .rodata.on_uart_event
                0x0000000000001c7c       0x14 _build/app_uart_fifo.o
 *(.eh_frame*)
                0x0000000000001c90                . = ALIGN (0x4)

.glue_7         0x0000000000001c90        0x0
 .glue_7        0x0000000000000000        0x0 linker stubs

.glue_7t        0x0000000000001c90        0x0
 .glue_7t       0x0000000000000000        0x0 linker stubs

.vfp11_veneer   0x0000000000001c90        0x0
 .vfp11_veneer  0x0000000000000000        0x0 linker stubs

.v4_bx          0x0000000000001c90        0x0
 .v4_bx         0x0000000000000000        0x0 linker stubs

.iplt           0x0000000000001c90        0x0
 .iplt          0x0000000000000000        0x0 /usr/local/gcc-arm-none-eabi-4_9-2015q2/bin/../lib/gcc/arm-none-eabi/4.9.3/armv6-m/crtbegin.o

.ARM.extab      0x0000000000001c90        0x0
 *(.ARM.extab* .gnu.linkonce.armextab.*)
                0x0000000000001c90                . = ALIGN (0x4)
                0x0000000000001c90                __exidx_start = .

.ARM.exidx      0x0000000000001c90        0x8
 *(.ARM.exidx* .gnu.linkonce.armexidx.*)
 .ARM.exidx     0x0000000000001c90        0x8 /usr/local/gcc-arm-none-eabi-4_9-2015q2/bin/../lib/gcc/arm-none-eabi/4.9.3/../../../../arm-none-eabi/lib/armv6-m/crt0.o
 .ARM.exidx     0x0000000000001c98        0x0 _build/gcc_startup_nrf51.o
                                          0x8 (size before relaxing)
                0x0000000000001c98                . = ALIGN (0x4)
                0x0000000000001c98                __exidx_end = .
                0x0000000000001c98                __etext = .

.rel.dyn        0x0000000000001c98        0x0
 .rel.iplt      0x0000000000000000        0x0 /usr/local/gcc-arm-none-eabi-4_9-2015q2/bin/../lib/gcc/arm-none-eabi/4.9.3/armv6-m/crtbegin.o

.data           0x0000000020000000       0x64 load address 0x0000000000001c98
                0x0000000020000000                __data_start__ = .
 *(vtable)
 *(.data*)
 .data.impure_data
                0x0000000020000000       0x60 /usr/local/gcc-arm-none-eabi-4_9-2015q2/bin/../lib/gcc/arm-none-eabi/4.9.3/../../../../arm-none-eabi/lib/armv6-m/libc_nano.a(lib_a-impure.o)
 .data.m_instance_counter
                0x0000000020000060        0x1 _build/app_uart_fifo.o
                0x0000000020000064                . = ALIGN (0x4)
 *fill*         0x0000000020000061        0x3 
                0x0000000020000064                PROVIDE (__preinit_array_start, .)
 *(.preinit_array)
                0x0000000020000064                PROVIDE (__preinit_array_end, .)
                0x0000000020000064                . = ALIGN (0x4)
                0x0000000020000064                PROVIDE (__init_array_start, .)
 *(SORT(.init_array.*))
 *(.init_array)
                0x0000000020000064                PROVIDE (__init_array_end, .)
                0x0000000020000064                . = ALIGN (0x4)
                0x0000000020000064                PROVIDE (__fini_array_start, .)
 *(SORT(.fini_array.*))
 *(.fini_array)
                0x0000000020000064                PROVIDE (__fini_array_end, .)
 *(.jcr)
                0x0000000020000064                . = ALIGN (0x4)
                0x0000000020000064                __data_end__ = .

.igot.plt       0x0000000020000064        0x0 load address 0x0000000000001cfc
 .igot.plt      0x0000000000000000        0x0 /usr/local/gcc-arm-none-eabi-4_9-2015q2/bin/../lib/gcc/arm-none-eabi/4.9.3/armv6-m/crtbegin.o

.bss            0x0000000020000064      0x168 load address 0x0000000000001cfc
                0x0000000020000064                . = ALIGN (0x4)
                0x0000000020000064                __bss_start__ = .
 *(.bss*)
 .bss.rx_buf.5881
                0x0000000020000064        0x1 _build/main.o
 *fill*         0x0000000020000065        0x3 
 .bss.tx_buf.5882
                0x0000000020000068      0x100 _build/main.o
 .bss.m_rx_fifo
                0x0000000020000168       0x10 _build/app_uart_fifo.o
 .bss.m_tx_fifo
                0x0000000020000178       0x10 _build/app_uart_fifo.o
 .bss.m_event_handler
                0x0000000020000188        0x4 _build/app_uart_fifo.o
 .bss.m_current_state
                0x000000002000018c        0x1 _build/app_uart_fifo.o
 *fill*         0x000000002000018d        0x3 
 .bss.m_cb      0x0000000020000190       0x3c _build/nrf_drv_gpiote.o
 *(COMMON)
                0x00000000200001cc                . = ALIGN (0x4)
                0x00000000200001cc                __bss_end__ = .

.heap           0x00000000200001d0      0x800
                0x00000000200001d0                __end__ = .
                0x00000000200001d0                end = __end__
 *(.heap*)
 .heap          0x00000000200001d0      0x800 _build/gcc_startup_nrf51.o
                0x00000000200001d0                __HeapBase
                0x00000000200009d0                __HeapLimit = .

.stack_dummy    0x00000000200001d0      0x800
 *(.stack*)
 .stack         0x00000000200001d0      0x800 _build/gcc_startup_nrf51.o
                0x0000000020008000                __StackTop = (ORIGIN (RAM) + 0x8000)
                0x0000000020007800                __StackLimit = (__StackTop - SIZEOF (.stack_dummy))
                0x0000000020008000                PROVIDE (__stack, __StackTop)
                0x0000000000000001                ASSERT ((__StackLimit >= __HeapLimit), region RAM overflowed with stack)
OUTPUT(_build/nrf51422_xxac.out elf32-littlearm)

.ARM.attributes
                0x0000000000000000       0x28
 .ARM.attributes
                0x0000000000000000       0x1e /usr/local/gcc-arm-none-eabi-4_9-2015q2/bin/../lib/gcc/arm-none-eabi/4.9.3/armv6-m/crti.o
 .ARM.attributes
                0x000000000000001e       0x1b /usr/local/gcc-arm-none-eabi-4_9-2015q2/bin/../lib/gcc/arm-none-eabi/4.9.3/../../../../arm-none-eabi/lib/armv6-m/crt0.o
 .ARM.attributes
                0x0000000000000039       0x2c /usr/local/gcc-arm-none-eabi-4_9-2015q2/bin/../lib/gcc/arm-none-eabi/4.9.3/../../../../arm-none-eabi/lib/armv6-m/libc_nano.a(lib_a-exit.o)
 .ARM.attributes
                0x0000000000000065       0x2c /usr/local/gcc-arm-none-eabi-4_9-2015q2/bin/../lib/gcc/arm-none-eabi/4.9.3/../../../../arm-none-eabi/lib/armv6-m/libc_nano.a(lib_a-impure.o)
 .ARM.attributes
                0x0000000000000091       0x2c /usr/local/gcc-arm-none-eabi-4_9-2015q2/bin/../lib/gcc/arm-none-eabi/4.9.3/../../../../arm-none-eabi/lib/armv6-m/libc_nano.a(lib_a-init.o)
 .ARM.attributes
                0x00000000000000bd       0x2c /usr/local/gcc-arm-none-eabi-4_9-2015q2/bin/../lib/gcc/arm-none-eabi/4.9.3/../../../../arm-none-eabi/lib/armv6-m/libc_nano.a(lib_a-memset.o)
 .ARM.attributes
                0x00000000000000e9       0x2c /usr/local/gcc-arm-none-eabi-4_9-2015q2/bin/../lib/gcc/arm-none-eabi/4.9.3/../../../../arm-none-eabi/lib/armv6-m/libnosys.a(_exit.o)
 .ARM.attributes
                0x0000000000000115       0x31 _build/system_nrf51.o
 .ARM.attributes
                0x0000000000000146       0x31 _build/main.o
 .ARM.attributes
                0x0000000000000177       0x31 _build/api.o
 .ARM.attributes
                0x00000000000001a8       0x31 _build/app_error.o
 .ARM.attributes
                0x00000000000001d9       0x31 _build/app_fifo.o
 .ARM.attributes
                0x000000000000020a       0x31 _build/app_uart_fifo.o
 .ARM.attributes
                0x000000000000023b       0x31 _build/nrf_drv_common.o
 .ARM.attributes
                0x000000000000026c       0x31 _build/nrf_drv_gpiote.o
 .ARM.attributes
                0x000000000000029d       0x1b _build/gcc_startup_nrf51.o
 .ARM.attributes
                0x00000000000002b8       0x2c /usr/local/gcc-arm-none-eabi-4_9-2015q2/bin/../lib/gcc/arm-none-eabi/4.9.3/../../../../arm-none-eabi/lib/armv6-m/libc_nano.a(lib_a-strstr.o)
 .ARM.attributes
                0x00000000000002e4       0x1e /usr/local/gcc-arm-none-eabi-4_9-2015q2/bin/../lib/gcc/arm-none-eabi/4.9.3/armv6-m/crtn.o

.comment        0x0000000000000000       0x70
 .comment       0x0000000000000000       0x70 _build/system_nrf51.o
                                         0x71 (size before relaxing)
 .comment       0x0000000000000000       0x71 _build/main.o
 .comment       0x0000000000000000       0x71 _build/api.o
 .comment       0x0000000000000000       0x71 _build/app_error.o
 .comment       0x0000000000000000       0x71 _build/app_fifo.o
 .comment       0x0000000000000000       0x71 _build/app_uart_fifo.o
 .comment       0x0000000000000000       0x71 _build/nrf_drv_common.o
 .comment       0x0000000000000000       0x71 _build/nrf_drv_gpiote.o

.debug_frame    0x0000000000000000      0xf24
 .debug_frame   0x0000000000000000       0x28 /usr/local/gcc-arm-none-eabi-4_9-2015q2/bin/../lib/gcc/arm-none-eabi/4.9.3/../../../../arm-none-eabi/lib/armv6-m/libc_nano.a(lib_a-exit.o)
 .debug_frame   0x0000000000000028       0x2c /usr/local/gcc-arm-none-eabi-4_9-2015q2/bin/../lib/gcc/arm-none-eabi/4.9.3/../../../../arm-none-eabi/lib/armv6-m/libc_nano.a(lib_a-init.o)
 .debug_frame   0x0000000000000054       0x20 /usr/local/gcc-arm-none-eabi-4_9-2015q2/bin/../lib/gcc/arm-none-eabi/4.9.3/../../../../arm-none-eabi/lib/armv6-m/libc_nano.a(lib_a-memset.o)
 .debug_frame   0x0000000000000074       0x20 /usr/local/gcc-arm-none-eabi-4_9-2015q2/bin/../lib/gcc/arm-none-eabi/4.9.3/../../../../arm-none-eabi/lib/armv6-m/libnosys.a(_exit.o)
 .debug_frame   0x0000000000000094       0x80 _build/system_nrf51.o
 .debug_frame   0x0000000000000114       0xcc _build/main.o
 .debug_frame   0x00000000000001e0       0x90 _build/api.o
 .debug_frame   0x0000000000000270       0x4c _build/app_error.o
 .debug_frame   0x00000000000002bc       0xb0 _build/app_fifo.o
 .debug_frame   0x000000000000036c      0x334 _build/app_uart_fifo.o
 .debug_frame   0x00000000000006a0       0x94 _build/nrf_drv_common.o
 .debug_frame   0x0000000000000734      0x7c8 _build/nrf_drv_gpiote.o
 .debug_frame   0x0000000000000efc       0x28 /usr/local/gcc-arm-none-eabi-4_9-2015q2/bin/../lib/gcc/arm-none-eabi/4.9.3/../../../../arm-none-eabi/lib/armv6-m/libc_nano.a(lib_a-strstr.o)

.debug_info     0x0000000000000000     0x338d
 .debug_info    0x0000000000000000      0x1a9 _build/system_nrf51.o
 .debug_info    0x00000000000001a9      0x4f1 _build/main.o
 .debug_info    0x000000000000069a      0x225 _build/api.o
 .debug_info    0x00000000000008bf      0x1d0 _build/app_error.o
 .debug_info    0x0000000000000a8f      0x217 _build/app_fifo.o
 .debug_info    0x0000000000000ca6      0xf7c _build/app_uart_fifo.o
 .debug_info    0x0000000000001c22      0x3bf _build/nrf_drv_common.o
 .debug_info    0x0000000000001fe1     0x13ac _build/nrf_drv_gpiote.o

.debug_abbrev   0x0000000000000000      0xc70
 .debug_abbrev  0x0000000000000000       0xef _build/system_nrf51.o
 .debug_abbrev  0x00000000000000ef      0x1e9 _build/main.o
 .debug_abbrev  0x00000000000002d8      0x11a _build/api.o
 .debug_abbrev  0x00000000000003f2       0xf5 _build/app_error.o
 .debug_abbrev  0x00000000000004e7       0xeb _build/app_fifo.o
 .debug_abbrev  0x00000000000005d2      0x2b4 _build/app_uart_fifo.o
 .debug_abbrev  0x0000000000000886      0x11c _build/nrf_drv_common.o
 .debug_abbrev  0x00000000000009a2      0x2ce _build/nrf_drv_gpiote.o

.debug_aranges  0x0000000000000000      0x448
 .debug_aranges
                0x0000000000000000       0x38 _build/system_nrf51.o
 .debug_aranges
                0x0000000000000038       0x48 _build/main.o
 .debug_aranges
                0x0000000000000080       0x38 _build/api.o
 .debug_aranges
                0x00000000000000b8       0x28 _build/app_error.o
 .debug_aranges
                0x00000000000000e0       0x40 _build/app_fifo.o
 .debug_aranges
                0x0000000000000120       0xe8 _build/app_uart_fifo.o
 .debug_aranges
                0x0000000000000208       0x38 _build/nrf_drv_common.o
 .debug_aranges
                0x0000000000000240      0x208 _build/nrf_drv_gpiote.o

.debug_ranges   0x0000000000000000      0x3c8
 .debug_ranges  0x0000000000000000       0x28 _build/system_nrf51.o
 .debug_ranges  0x0000000000000028       0x38 _build/main.o
 .debug_ranges  0x0000000000000060       0x28 _build/api.o
 .debug_ranges  0x0000000000000088       0x18 _build/app_error.o
 .debug_ranges  0x00000000000000a0       0x30 _build/app_fifo.o
 .debug_ranges  0x00000000000000d0       0xd8 _build/app_uart_fifo.o
 .debug_ranges  0x00000000000001a8       0x28 _build/nrf_drv_common.o
 .debug_ranges  0x00000000000001d0      0x1f8 _build/nrf_drv_gpiote.o

.debug_line     0x0000000000000000     0x1b4e
 .debug_line    0x0000000000000000      0x1e4 _build/system_nrf51.o
 .debug_line    0x00000000000001e4      0x2cf _build/main.o
 .debug_line    0x00000000000004b3      0x1cc _build/api.o
 .debug_line    0x000000000000067f      0x1c3 _build/app_error.o
 .debug_line    0x0000000000000842      0x198 _build/app_fifo.o
 .debug_line    0x00000000000009da      0x5f3 _build/app_uart_fifo.o
 .debug_line    0x0000000000000fcd      0x216 _build/nrf_drv_common.o
 .debug_line    0x00000000000011e3      0x96b _build/nrf_drv_gpiote.o

.debug_str      0x0000000000000000     0x1989
 .debug_str     0x0000000000000000      0x273 _build/system_nrf51.o
                                        0x2b0 (size before relaxing)
 .debug_str     0x0000000000000273      0x35e _build/main.o
                                        0x52b (size before relaxing)
 .debug_str     0x00000000000005d1       0x50 _build/api.o
                                        0x284 (size before relaxing)
 .debug_str     0x0000000000000621       0xb1 _build/app_error.o
                                        0x26b (size before relaxing)
 .debug_str     0x00000000000006d2       0xd5 _build/app_fifo.o
                                        0x297 (size before relaxing)
 .debug_str     0x00000000000007a7      0x85f _build/app_uart_fifo.o
                                        0xd62 (size before relaxing)
 .debug_str     0x0000000000001006       0x76 _build/nrf_drv_common.o
                                        0x452 (size before relaxing)
 .debug_str     0x000000000000107c      0x90d _build/nrf_drv_gpiote.o
                                        0xf58 (size before relaxing)
